Archive member included to satisfy reference by file (symbol)

app/libapp.a(main.c.obj)      (--whole-archive)
app/libapp.a(flash_map_extended.c.obj)
                              (--whole-archive)
app/libapp.a(os.c.obj)        (--whole-archive)
app/libapp.a(keys.c.obj)      (--whole-archive)
app/libapp.a(io.c.obj)        (--whole-archive)
app/libapp.a(boot_serial_extensions.c.obj)
                              (--whole-archive)
app/libapp.a(boot_serial_extension_zephyr_basic.c.obj)
                              (--whole-archive)
app/libapp.a(image_validate.c.obj)
                              (--whole-archive)
app/libapp.a(tlv.c.obj)       (--whole-archive)
app/libapp.a(encrypted.c.obj)
                              (--whole-archive)
app/libapp.a(image_rsa.c.obj)
                              (--whole-archive)
app/libapp.a(image_ecdsa.c.obj)
                              (--whole-archive)
app/libapp.a(image_ed25519.c.obj)
                              (--whole-archive)
app/libapp.a(bootutil_misc.c.obj)
                              (--whole-archive)
app/libapp.a(fault_injection_hardening.c.obj)
                              (--whole-archive)
app/libapp.a(loader.c.obj)    (--whole-archive)
app/libapp.a(swap_misc.c.obj)
                              (--whole-archive)
app/libapp.a(caps.c.obj)      (--whole-archive)
app/libapp.a(swap_scratch.c.obj)
                              (--whole-archive)
app/libapp.a(autogen-pubkey.c.obj)
                              (--whole-archive)
app/libapp.a(arm_cleanup.c.obj)
                              (--whole-archive)
app/libapp.a(nrf_cleanup.c.obj)
                              (--whole-archive)
zephyr/libzephyr.a(crc32k_4_2_sw.c.obj)
                              (--whole-archive)
zephyr/libzephyr.a(crc32c_sw.c.obj)
                              (--whole-archive)
zephyr/libzephyr.a(crc32_sw.c.obj)
                              (--whole-archive)
zephyr/libzephyr.a(crc24_sw.c.obj)
                              (--whole-archive)
zephyr/libzephyr.a(crc16_sw.c.obj)
                              (--whole-archive)
zephyr/libzephyr.a(crc8_sw.c.obj)
                              (--whole-archive)
zephyr/libzephyr.a(crc7_sw.c.obj)
                              (--whole-archive)
zephyr/libzephyr.a(crc4_sw.c.obj)
                              (--whole-archive)
zephyr/libzephyr.a(heap.c.obj)
                              (--whole-archive)
zephyr/libzephyr.a(cbprintf_packaged.c.obj)
                              (--whole-archive)
zephyr/libzephyr.a(printk.c.obj)
                              (--whole-archive)
zephyr/libzephyr.a(sem.c.obj)
                              (--whole-archive)
zephyr/libzephyr.a(thread_entry.c.obj)
                              (--whole-archive)
zephyr/libzephyr.a(cbprintf_nano.c.obj)
                              (--whole-archive)
zephyr/libzephyr.a(reboot.c.obj)
                              (--whole-archive)
zephyr/libzephyr.a(base64.c.obj)
                              (--whole-archive)
zephyr/libzephyr.a(dec.c.obj)
                              (--whole-archive)
zephyr/libzephyr.a(hex.c.obj)
                              (--whole-archive)
zephyr/libzephyr.a(rb.c.obj)  (--whole-archive)
zephyr/libzephyr.a(timeutil.c.obj)
                              (--whole-archive)
zephyr/libzephyr.a(bitarray.c.obj)
                              (--whole-archive)
zephyr/libzephyr.a(onoff.c.obj)
                              (--whole-archive)
zephyr/libzephyr.a(notify.c.obj)
                              (--whole-archive)
zephyr/libzephyr.a(ring_buffer.c.obj)
                              (--whole-archive)
zephyr/libzephyr.a(last_section_id.c.obj)
                              (--whole-archive)
zephyr/libzephyr.a(configs.c.obj)
                              (--whole-archive)
zephyr/libzephyr.a(mem_attr.c.obj)
                              (--whole-archive)
zephyr/libzephyr.a(flash_map.c.obj)
                              (--whole-archive)
zephyr/libzephyr.a(flash_map_layout.c.obj)
                              (--whole-archive)
zephyr/libzephyr.a(tracing_none.c.obj)
                              (--whole-archive)
zephyr/libzephyr.a(usb_device.c.obj)
                              (--whole-archive)
zephyr/libzephyr.a(usb_descriptor.c.obj)
                              (--whole-archive)
zephyr/libzephyr.a(usb_transfer.c.obj)
                              (--whole-archive)
zephyr/libzephyr.a(cdc_acm.c.obj)
                              (--whole-archive)
zephyr/libzephyr.a(usb_work_q.c.obj)
                              (--whole-archive)
zephyr/libzephyr.a(flash_util.c.obj)
                              (--whole-archive)
zephyr/libzephyr.a(flash_map_partition_manager.c.obj)
                              (--whole-archive)
zephyr/libzephyr.a(nrf_cc3xx_platform_abort_zephyr.c.obj)
                              (--whole-archive)
zephyr/libzephyr.a(nrf_cc3xx_platform_mutex_zephyr.c.obj)
                              (--whole-archive)
zephyr/libzephyr.a(serial_adapter.c.obj)
[...]
Memory Configuration

Name             Origin             Length             Attributes
FLASH            0x0000000000000000 0x0000000000010000 xr
RAM              0x0000000020002000 0x000000000006e000 xw
IDT_LIST         0x00000000ffff7fff 0x0000000000008000 xw
*default*        0x0000000000000000 0xffffffffffffffff

Linker script and memory map

                0x000000000000abac                vfprintf = __m_vfprintf
                0x0000000000000000                vfscanf = __m_vfscanf
LOAD zephyr/CMakeFiles/zephyr_pre0.dir/misc/empty_file.c.obj
LOAD zephyr/CMakeFiles/offsets.dir/./arch/arm/core/offsets/offsets.c.obj
LOAD app/libapp.a
LOAD zephyr/libzephyr.a
LOAD zephyr/arch/common/libarch__common.a
LOAD zephyr/arch/arch/arm/core/libarch__arm__core.a
LOAD zephyr/arch/arch/arm/core/cortex_m/libarch__arm__core__cortex_m.a
LOAD zephyr/arch/arch/arm/core/cortex_m/cmse/libarch__arm__core__cortex_m__cmse.a
LOAD zephyr/arch/arch/arm/core/mpu/libarch__arm__core__mpu.a
LOAD zephyr/lib/libc/picolibc/liblib__libc__picolibc.a
LOAD zephyr/lib/libc/common/liblib__libc__common.a
LOAD zephyr/soc/soc/nrf5340/libsoc__nordic.a
LOAD zephyr/boards/nordic/thingy53/libboards__nordic__thingy53.a
LOAD zephyr/drivers/usb/device/libdrivers__usb__device.a
LOAD zephyr/drivers/usb/common/nrf_usbd_common/libdrivers__usb__common__nrf_usbd_common.a
LOAD zephyr/drivers/clock_control/libdrivers__clock_control.a
LOAD zephyr/drivers/flash/libdrivers__flash.a
LOAD zephyr/drivers/gpio/libdrivers__gpio.a
LOAD zephyr/drivers/hwinfo/libdrivers__hwinfo.a
LOAD zephyr/drivers/pinctrl/libdrivers__pinctrl.a
LOAD zephyr/drivers/regulator/libdrivers__regulator.a
LOAD zephyr/drivers/serial/libdrivers__serial.a
LOAD zephyr/drivers/timer/libdrivers__timer.a
LOAD modules/nrf/lib/fprotect/lib..__nrf__lib__fprotect.a
LOAD modules/nrf/subsys/pcd/lib..__nrf__subsys__pcd.a
LOAD modules/nrf/modules/mcuboot/hooks/lib..__nrf__modules__mcuboot__hooks.a
LOAD modules/nrf/drivers/hw_cc3xx/lib..__nrf__drivers__hw_cc3xx.a
LOAD modules/mcuboot/boot/bootutil/zephyr/libmcuboot_util.a
LOAD modules/mbedtls/libmbedTLSBase.a
LOAD modules/mbedtls/libmbedTLSCrypto.a
LOAD modules/mbedtls/libmbedTLSX509.a
LOAD modules/mbedtls/libmodules__mbedtls.a
LOAD modules/hal_nordic/modules/hal_nordic/nrfx/libmodules__hal_nordic__nrfx.a
LOAD modules/zcbor/libmodules__zcbor.a
LOAD zephyr/kernel/libkernel.a
LOAD zephyr/arch/common/libisr_tables.a
LOAD modules/mbedtls/libmbedTLSBase.a
LOAD modules/mbedtls/libmbedTLSCrypto.a
LOAD modules/mbedtls/libmbedTLSX509.a
LOAD /home/khanh/ncs/v3.1.1/nrfxlib/crypto/nrf_cc312_platform/lib/cortex-m33/soft-float/no-interrupts/libnrf_cc312_platform_0.9.19.a
LOAD /home/khanh/ncs/toolchains/b2ecd2435d/opt/zephyr-sdk/arm-zephyr-eabi/bin/../lib/gcc/../../picolibc/arm-zephyr-eabi/lib/thumb/v8-m.main/nofp/libc.a
LOAD /home/khanh/ncs/toolchains/b2ecd2435d/opt/zephyr-sdk/arm-zephyr-eabi/bin/../lib/gcc/arm-zephyr-eabi/12.2.0/thumb/v8-m.main/nofp/libgcc.a
                0x0000000000000020                _region_min_align = 0x20

.rel.plt        0x0000000000000000        0x0
 *(SORT_BY_ALIGNMENT(.rel.plt))
                [!provide]                        PROVIDE (__rel_iplt_start = .)
 *(SORT_BY_ALIGNMENT(.rel.iplt))
 .rel.iplt      0x0000000000000000        0x0 app/libapp.a(main.c.obj)
                [!provide]                        PROVIDE (__rel_iplt_end = .)

.rela.plt       0x0000000000000000        0x0
 *(SORT_BY_ALIGNMENT(.rela.plt))
                [!provide]                        PROVIDE (__rela_iplt_start = .)
 *(SORT_BY_ALIGNMENT(.rela.iplt))
                [!provide]                        PROVIDE (__rela_iplt_end = .)

.rel.dyn
 *(SORT_BY_ALIGNMENT(.rel.*))

.rela.dyn
 *(SORT_BY_ALIGNMENT(.rela.*))

/DISCARD/
 *(SORT_BY_ALIGNMENT(.plt))

/DISCARD/
 *(SORT_BY_ALIGNMENT(.iplt))
                0x0000000000000000                __rom_region_start = 0x0

rom_start       0x0000000000000000      0x154
                0x0000000000000000                __rom_start_address = .
 FILL mask 0x00
                0x0000000000000000                . = (. + (0x0 - (. - __rom_start_address)))
                0x0000000000000000                . = ALIGN (0x4)
                0x0000000000000000                . = ALIGN (0x80)
                0x0000000000000000                . = ALIGN (0x200)
                0x0000000000000000                _vector_start = .
 *(SORT_BY_ALIGNMENT(.exc_vector_table))
 *(SORT_BY_ALIGNMENT(.exc_vector_table.*))
 .exc_vector_table._vector_table_section
                0x0000000000000000       0x40 zephyr/arch/arch/arm/core/cortex_m/libarch__arm__core__cortex_m.a(vector_table.S.obj)
                0x0000000000000000                _vector_table
 *(SORT_BY_ALIGNMENT(.vectors))
                0x0000000000000154                _vector_end = .
                0x0000000000000040                . = ALIGN (0x4)
 *(SORT_BY_ALIGNMENT(.gnu.linkonce.irq_vector_table*))
 .gnu.linkonce.irq_vector_table
                0x0000000000000040      0x114 zephyr/arch/common/libisr_tables.a(isr_tables.c.obj)
                0x0000000000000040                _irq_vector_table
                0x0000000000000154                _vector_end = .

text            0x0000000000000154     0xe978
                0x0000000000000154                __text_region_start = .
 *(SORT_BY_ALIGNMENT(.text))
 .text          0x0000000000000154       0x30 /home/khanh/ncs/toolchains/b2ecd2435d/opt/zephyr-sdk/arm-zephyr-eabi/bin/../lib/gcc/arm-zephyr-eabi/12.2.0/thumb/v8-m.main/nofp/libgcc.a(_aeabi_uldivmod.o)
                0x0000000000000154                __aeabi_uldivmod
 .text          0x0000000000000184        0x4 /home/khanh/ncs/toolchains/b2ecd2435d/opt/zephyr-sdk/arm-zephyr-eabi/bin/../lib/gcc/arm-zephyr-eabi/12.2.0/thumb/v8-m.main/nofp/libgcc.a(_dvmd_tls.o)
                0x0000000000000184                __aeabi_ldiv0
                0x0000000000000184                __aeabi_idiv0
 .text          0x0000000000000188       0x10 /home/khanh/ncs/toolchains/b2ecd2435d/opt/zephyr-sdk/arm-zephyr-eabi/bin/../lib/gcc/../../picolibc/arm-zephyr-eabi/lib/thumb/v8-m.main/nofp/libc.a(strlen.S.o)
                0x0000000000000188                strlen
 .text          0x0000000000000198      0x29c /home/khanh/ncs/toolchains/b2ecd2435d/opt/zephyr-sdk/arm-zephyr-eabi/bin/../lib/gcc/arm-zephyr-eabi/12.2.0/thumb/v8-m.main/nofp/libgcc.a(_udivmoddi4.o)
                0x0000000000000198                __udivmoddi4
 *(SORT_BY_ALIGNMENT(.text.*))
 .text.main     0x0000000000000434      0x100 app/libapp.a(main.c.obj)
                0x0000000000000434                main
 .text.flash_area_id_from_multi_image_slot
                0x0000000000000534       0x24 app/libapp.a(flash_map_extended.c.obj)
                0x0000000000000534                flash_area_id_from_multi_image_slot
 .text.flash_area_id_from_direct_image
                0x0000000000000558       0x14 app/libapp.a(flash_map_extended.c.obj)
                0x0000000000000558                flash_area_id_from_direct_image
 .text.os_heap_init
                0x000000000000056c       0x10 app/libapp.a(os.c.obj)
                0x000000000000056c                os_heap_init
 .text.io_detect_pin
                0x000000000000057c       0x48 app/libapp.a(io.c.obj)
                0x000000000000057c                io_detect_pin
 .text.bs_peruser_system_specific
                0x00000000000005c4       0x64 app/libapp.a(boot_serial_extensions.c.obj)
                0x00000000000005c4                bs_peruser_system_specific
 .text.bs_custom_storage_erase
                0x0000000000000628       0x70 app/libapp.a(boot_serial_extension_zephyr_basic.c.obj)
 .text.bootutil_img_validate
                0x0000000000000698      0x220 app/libapp.a(image_validate.c.obj)
                0x0000000000000698                bootutil_img_validate
 .text.bootutil_cmp_rsasig
                0x00000000000008b8      0x12c app/libapp.a(image_rsa.c.obj)
 .text.bootutil_verify_sig
                0x00000000000009e4       0xd0 app/libapp.a(image_rsa.c.obj)
                0x00000000000009e4                bootutil_verify_sig
 .text.boot_erase_region
                0x0000000000000ab4       0xdc app/libapp.a(bootutil_misc.c.obj)
                0x0000000000000ab4                boot_erase_region
 .text.boot_initialize_area
                0x0000000000000b90       0x60 app/libapp.a(loader.c.obj)
 .text.boot_read_sectors
                0x0000000000000bf0       0x4c app/libapp.a(loader.c.obj)
 .text.boot_validate_slot.constprop.0.isra.0
                0x0000000000000c3c      0x154 app/libapp.a(loader.c.obj)
 .text.boot_copy_region
                0x0000000000000d90       0xac app/libapp.a(loader.c.obj)
                0x0000000000000d90                boot_copy_region
 .text.context_boot_go
                0x0000000000000e3c      0x5a8 app/libapp.a(loader.c.obj)
                0x0000000000000e3c                context_boot_go
 .text.boot_go  0x00000000000013e4       0x1c app/libapp.a(loader.c.obj)
                0x00000000000013e4                boot_go
 .text.boot_get_max_app_size
                0x0000000000001400       0xd4 app/libapp.a(loader.c.obj)
                0x0000000000001400                boot_get_max_app_size
 .text.cleanup_arm_nvic
                0x00000000000014d4       0x38 app/libapp.a(arm_cleanup.c.obj)
                0x00000000000014d4                cleanup_arm_nvic
 .text.nrf_cleanup_peripheral
                0x000000000000150c      0x11c app/libapp.a(nrf_cleanup.c.obj)
                0x000000000000150c                nrf_cleanup_peripheral
 .text.z_thread_entry
                0x0000000000001628       0x34 zephyr/libzephyr.a(thread_entry.c.obj)
                0x0000000000001628                z_thread_entry
 .text.base64_encode
                0x000000000000165c       0xfc zephyr/libzephyr.a(base64.c.obj)
                0x000000000000165c                base64_encode
 .text.base64_decode
                0x0000000000001758      0x140 zephyr/libzephyr.a(base64.c.obj)
                0x0000000000001758                base64_decode
 .text.process_event
                0x0000000000001898      0x21c zephyr/libzephyr.a(onoff.c.obj)
 .text.mem_attr_get_regions
                0x0000000000001ab4        0xc zephyr/libzephyr.a(mem_attr.c.obj)
                0x0000000000001ab4                mem_attr_get_regions
 .text.flash_area_open
                0x0000000000001ac0       0x4c zephyr/libzephyr.a(flash_map.c.obj)
                0x0000000000001ac0                flash_area_open
 .text.flash_area_sectors
                0x0000000000001b0c       0x34 zephyr/libzephyr.a(flash_map_layout.c.obj)
                0x0000000000001b0c                flash_area_sectors
 .text.class_handler
                0x0000000000001b40       0x44 zephyr/libzephyr.a(usb_device.c.obj)
 .text.custom_handler
                0x0000000000001b84       0x64 zephyr/libzephyr.a(usb_device.c.obj)
 .text.vendor_handler
                0x0000000000001be8       0x3c zephyr/libzephyr.a(usb_device.c.obj)
 .text.disable_endpoint
                0x0000000000001c24       0x2c zephyr/libzephyr.a(usb_device.c.obj)
 .text.usb_reset_alt_setting
                0x0000000000001c50       0x10 zephyr/libzephyr.a(usb_device.c.obj)
 .text.is_ep_valid.part.0
                0x0000000000001c60       0x38 zephyr/libzephyr.a(usb_device.c.obj)
 .text.usb_halt_endpoint_req
                0x0000000000001c98       0x54 zephyr/libzephyr.a(usb_device.c.obj)
 .text.usb_handle_request.constprop.0
                0x0000000000001cec       0x2c zephyr/libzephyr.a(usb_device.c.obj)
 .text.forward_status_cb
                0x0000000000001d18       0xac zephyr/libzephyr.a(usb_device.c.obj)
 .text.set_endpoint
                0x0000000000001dc4       0x84 zephyr/libzephyr.a(usb_device.c.obj)
 .text.usb_handle_standard_request
                0x0000000000001e48      0x2a0 zephyr/libzephyr.a(usb_device.c.obj)
 .text.usb_disable
                0x00000000000020e8       0x60 zephyr/libzephyr.a(usb_device.c.obj)
                0x00000000000020e8                usb_disable
 .text.usb_data_to_host
                0x0000000000002148       0x60 zephyr/libzephyr.a(usb_device.c.obj)
 .text.usb_handle_control_transfer
                0x00000000000021a8       0xdc zephyr/libzephyr.a(usb_device.c.obj)
 .text.usb_set_config
                0x0000000000002284       0x2c zephyr/libzephyr.a(usb_device.c.obj)
                0x0000000000002284                usb_set_config
 .text.usb_enable
                0x00000000000022b0      0x13c zephyr/libzephyr.a(usb_device.c.obj)
                0x00000000000022b0                usb_enable
 .text.usb_update_sn_string_descriptor
                0x00000000000023ec       0x88 zephyr/libzephyr.a(usb_descriptor.c.obj)
                0x00000000000023ec                usb_update_sn_string_descriptor
 .text.usb_get_device_descriptor
                0x0000000000002474      0x1e0 zephyr/libzephyr.a(usb_descriptor.c.obj)
                0x0000000000002474                usb_get_device_descriptor
 .text.usb_ep_get_transfer
                0x0000000000002654       0x2c zephyr/libzephyr.a(usb_transfer.c.obj)
 .text.usb_transfer_work
                0x0000000000002680      0x100 zephyr/libzephyr.a(usb_transfer.c.obj)
 .text.usb_transfer_ep_callback
                0x0000000000002780       0x5c zephyr/libzephyr.a(usb_transfer.c.obj)
                0x0000000000002780                usb_transfer_ep_callback
 .text.usb_transfer
                0x00000000000027dc       0xe0 zephyr/libzephyr.a(usb_transfer.c.obj)
                0x00000000000027dc                usb_transfer
 .text.usb_cancel_transfer
                0x00000000000028bc       0x3c zephyr/libzephyr.a(usb_transfer.c.obj)
                0x00000000000028bc                usb_cancel_transfer
 .text.usb_cancel_transfers
                0x00000000000028f8       0x44 zephyr/libzephyr.a(usb_transfer.c.obj)
                0x00000000000028f8                usb_cancel_transfers
 .text.usb_transfer_init
                0x000000000000293c       0x34 zephyr/libzephyr.a(usb_transfer.c.obj)
                0x000000000000293c                usb_transfer_init
 .text.cdc_acm_irq_rx_enable
                0x0000000000002970       0x20 zephyr/libzephyr.a(cdc_acm.c.obj)
 .text.cdc_acm_irq_tx_enable
                0x0000000000002990       0x20 zephyr/libzephyr.a(cdc_acm.c.obj)
 .text.cdc_acm_fifo_fill
                0x00000000000029b0       0x3c zephyr/libzephyr.a(cdc_acm.c.obj)
 .text.cdc_acm_write_cb
                0x00000000000029ec       0x54 zephyr/libzephyr.a(cdc_acm.c.obj)
 .text.cdc_acm_class_handle_req
                0x0000000000002a40       0x64 zephyr/libzephyr.a(cdc_acm.c.obj)
                0x0000000000002a40                cdc_acm_class_handle_req
 .text.cdc_acm_int_in
                0x0000000000002aa4       0x18 zephyr/libzephyr.a(cdc_acm.c.obj)
 .text.cdc_acm_reset_port
                0x0000000000002abc       0x3c zephyr/libzephyr.a(cdc_acm.c.obj)
 .text.cdc_acm_init
                0x0000000000002af8       0x48 zephyr/libzephyr.a(cdc_acm.c.obj)
 .text.cdc_acm_send_notification.isra.0
                0x0000000000002b40       0x44 zephyr/libzephyr.a(cdc_acm.c.obj)
 .text.cdc_acm_poll_out
                0x0000000000002b84       0x70 zephyr/libzephyr.a(cdc_acm.c.obj)
 .text.tx_work_handler
                0x0000000000002bf4       0x78 zephyr/libzephyr.a(cdc_acm.c.obj)
 .text.cdc_acm_read_cb
                0x0000000000002c6c       0x74 zephyr/libzephyr.a(cdc_acm.c.obj)
 .text.cdc_acm_dev_status_cb
                0x0000000000002ce0       0x84 zephyr/libzephyr.a(cdc_acm.c.obj)
 .text.z_usb_work_q_init
                0x0000000000002d64       0x34 zephyr/libzephyr.a(usb_work_q.c.obj)
 .text.nrf_cc3xx_platform_abort_init
                0x0000000000002d98        0xc zephyr/libzephyr.a(nrf_cc3xx_platform_abort_zephyr.c.obj)
                0x0000000000002d98                nrf_cc3xx_platform_abort_init
 .text.mutex_free_platform
                0x0000000000002da4       0x54 zephyr/libzephyr.a(nrf_cc3xx_platform_mutex_zephyr.c.obj)
 .text.mutex_lock_platform
                0x0000000000002df8       0x74 zephyr/libzephyr.a(nrf_cc3xx_platform_mutex_zephyr.c.obj)
 .text.mutex_unlock_platform
                0x0000000000002e6c       0x68 zephyr/libzephyr.a(nrf_cc3xx_platform_mutex_zephyr.c.obj)
 .text.mutex_init_platform
                0x0000000000002ed4       0x94 zephyr/libzephyr.a(nrf_cc3xx_platform_mutex_zephyr.c.obj)
 .text.nrf_cc3xx_platform_mutex_init
                0x0000000000002f68       0x2c zephyr/libzephyr.a(nrf_cc3xx_platform_mutex_zephyr.c.obj)
                0x0000000000002f68                nrf_cc3xx_platform_mutex_init
 .text.boot_uart_fifo_callback
                0x0000000000002f94       0xa0 zephyr/libzephyr.a(serial_adapter.c.obj)
 .text.console_out
                0x0000000000003034       0x18 zephyr/libzephyr.a(serial_adapter.c.obj)
                0x0000000000003034                console_out
 .text.console_read
                0x000000000000304c       0x90 zephyr/libzephyr.a(serial_adapter.c.obj)
                0x000000000000304c                console_read
 .text.boot_console_init
                0x00000000000030dc       0xb0 zephyr/libzephyr.a(serial_adapter.c.obj)
                0x00000000000030dc                boot_console_init
 .text.boot_serial_output
                0x000000000000318c      0x104 zephyr/libzephyr.a(boot_serial.c.obj)
 .text.bs_upload
                0x0000000000003290      0x2b0 zephyr/libzephyr.a(boot_serial.c.obj)
 .text.bs_rc_rsp
                0x0000000000003540       0x38 zephyr/libzephyr.a(boot_serial.c.obj)
 .text.boot_serial_in_dec.constprop.0
                0x0000000000003578       0x68 zephyr/libzephyr.a(boot_serial.c.obj)
 .text.reset_cbor_state
                0x00000000000035e0       0x24 zephyr/libzephyr.a(boot_serial.c.obj)
                0x00000000000035e0                reset_cbor_state
 .text.boot_serial_input
                0x0000000000003604      0x3f4 zephyr/libzephyr.a(boot_serial.c.obj)
                0x0000000000003604                boot_serial_input
 .text.boot_serial_start
                0x00000000000039f8       0xe4 zephyr/libzephyr.a(boot_serial.c.obj)
                0x00000000000039f8                boot_serial_start
 .text.z_SysNmiOnReset
                0x0000000000003adc        0x8 zephyr/arch/arch/arm/core/libarch__arm__core.a(nmi_on_reset.S.obj)
                0x0000000000003adc                z_SysNmiOnReset
 .text.arch_tls_stack_setup
                0x0000000000003ae4       0x40 zephyr/arch/arch/arm/core/libarch__arm__core.a(tls.c.obj)
                0x0000000000003ae4                arch_tls_stack_setup
 .text._HandlerModeExit
                0x0000000000003b24       0x20 zephyr/arch/arch/arm/core/cortex_m/libarch__arm__core__cortex_m.a(exc_exit.c.obj)
                0x0000000000003b24                z_arm_exc_exit
                0x0000000000003b24                z_arm_int_exit
 .text.usage_fault.constprop.0
                0x0000000000003b44       0x5c zephyr/arch/arch/arm/core/cortex_m/libarch__arm__core__cortex_m.a(fault.c.obj)
 .text.bus_fault.constprop.0
                0x0000000000003ba0       0x68 zephyr/arch/arch/arm/core/cortex_m/libarch__arm__core__cortex_m.a(fault.c.obj)
 .text.mem_manage_fault.constprop.0
                0x0000000000003c08       0x78 zephyr/arch/arch/arm/core/cortex_m/libarch__arm__core__cortex_m.a(fault.c.obj)
 .text.z_arm_fault
                0x0000000000003c80      0x124 zephyr/arch/arch/arm/core/cortex_m/libarch__arm__core__cortex_m.a(fault.c.obj)
                0x0000000000003c80                z_arm_fault
 .text.z_arm_fault_init
                0x0000000000003da4       0x20 zephyr/arch/arch/arm/core/cortex_m/libarch__arm__core__cortex_m.a(fault.c.obj)
                0x0000000000003da4                z_arm_fault_init
 .text.__fault  0x0000000000003dc4       0x14 zephyr/arch/arch/arm/core/cortex_m/libarch__arm__core__cortex_m.a(fault_s.S.obj)
                0x0000000000003dc4                z_arm_bus_fault
                0x0000000000003dc4                z_arm_usage_fault
                0x0000000000003dc4                z_arm_mpu_fault
                0x0000000000003dc4                z_arm_exc_spurious
                0x0000000000003dc4                z_arm_debug_monitor
                0x0000000000003dc4                z_arm_hard_fault
 .text._reset_section
                0x0000000000003dd8       0x60 zephyr/arch/arch/arm/core/cortex_m/libarch__arm__core__cortex_m.a(reset.S.obj)
                0x0000000000003dd8                z_arm_reset
                0x0000000000003dd8                __start
 .text.z_arm_clear_arm_mpu_config
                0x0000000000003e38       0x24 zephyr/arch/arch/arm/core/cortex_m/libarch__arm__core__cortex_m.a(scb.c.obj)
                0x0000000000003e38                z_arm_clear_arm_mpu_config
 .text.z_arm_init_arch_hw_at_boot
                0x0000000000003e5c       0x4c zephyr/arch/arch/arm/core/cortex_m/libarch__arm__core__cortex_m.a(scb.c.obj)
                0x0000000000003e5c                z_arm_init_arch_hw_at_boot
 .text.z_impl_k_thread_abort
                0x0000000000003ea8       0x2c zephyr/arch/arch/arm/core/cortex_m/libarch__arm__core__cortex_m.a(thread_abort.c.obj)
                0x0000000000003ea8                z_impl_k_thread_abort
 .text.z_arm_pendsv
                0x0000000000003ed4       0x60 zephyr/arch/arch/arm/core/cortex_m/libarch__arm__core__cortex_m.a(swap_helper.S.obj)
                0x0000000000003ed4                z_arm_pendsv
 .text.z_arm_svc
                0x0000000000003f34       0x24 zephyr/arch/arch/arm/core/cortex_m/libarch__arm__core__cortex_m.a(swap_helper.S.obj)
                0x0000000000003f34                z_arm_svc
 .text.arm_irq_enable
                0x0000000000003f58       0x1c zephyr/arch/arch/arm/core/cortex_m/libarch__arm__core__cortex_m.a(irq_manage.c.obj)
                0x0000000000003f58                arm_irq_enable
 .text.arm_irq_disable
                0x0000000000003f74       0x28 zephyr/arch/arch/arm/core/cortex_m/libarch__arm__core__cortex_m.a(irq_manage.c.obj)
                0x0000000000003f74                arm_irq_disable
 .text.arm_irq_is_enabled
                0x0000000000003f9c       0x1c zephyr/arch/arch/arm/core/cortex_m/libarch__arm__core__cortex_m.a(irq_manage.c.obj)
                0x0000000000003f9c                arm_irq_is_enabled
 .text.arm_irq_priority_set
                0x0000000000003fb8       0x2c zephyr/arch/arch/arm/core/cortex_m/libarch__arm__core__cortex_m.a(irq_manage.c.obj)
                0x0000000000003fb8                arm_irq_priority_set
 .text.relocate_vector_table
                0x0000000000003fe4       0x1c zephyr/arch/arch/arm/core/cortex_m/libarch__arm__core__cortex_m.a(prep_c.c.obj)
                0x0000000000003fe4                relocate_vector_table
 .text.z_prep_c
                0x0000000000004000       0x28 zephyr/arch/arch/arm/core/cortex_m/libarch__arm__core__cortex_m.a(prep_c.c.obj)
                0x0000000000004000                z_prep_c
 .text.arch_new_thread
                0x0000000000004028       0x38 zephyr/arch/arch/arm/core/cortex_m/libarch__arm__core__cortex_m.a(thread.c.obj)
                0x0000000000004028                arch_new_thread
 .text.arch_switch_to_main_thread
                0x0000000000004060       0x40 zephyr/arch/arch/arm/core/cortex_m/libarch__arm__core__cortex_m.a(thread.c.obj)
                0x0000000000004060                arch_switch_to_main_thread
 .text.z_arm_cpu_idle_init
                0x00000000000040a0        0xc zephyr/arch/arch/arm/core/cortex_m/libarch__arm__core__cortex_m.a(cpu_idle.c.obj)
                0x00000000000040a0                z_arm_cpu_idle_init
 .text.z_arm_interrupt_init
                0x00000000000040ac       0x18 zephyr/arch/arch/arm/core/cortex_m/libarch__arm__core__cortex_m.a(irq_init.c.obj)
                0x00000000000040ac                z_arm_interrupt_init
 .text._isr_wrapper
                0x00000000000040c4       0x24 zephyr/arch/arch/arm/core/cortex_m/libarch__arm__core__cortex_m.a(isr_wrapper.c.obj)
                0x00000000000040c4                _isr_wrapper
 .text.z_arm_configure_static_mpu_regions
                0x00000000000040e8       0x38 zephyr/arch/arch/arm/core/mpu/libarch__arm__core__mpu.a(arm_core_mpu.c.obj)
                0x00000000000040e8                z_arm_configure_static_mpu_regions
 .text.region_init
                0x0000000000004120       0x34 zephyr/arch/arch/arm/core/mpu/libarch__arm__core__mpu.a(arm_mpu.c.obj)
 .text.region_allocate_and_init
                0x0000000000004154       0x24 zephyr/arch/arch/arm/core/mpu/libarch__arm__core__mpu.a(arm_mpu.c.obj)
 .text.mpu_configure_regions_and_partition.constprop.0
                0x0000000000004178      0x148 zephyr/arch/arch/arm/core/mpu/libarch__arm__core__mpu.a(arm_mpu.c.obj)
 .text.arm_core_mpu_enable
                0x00000000000042c0       0x18 zephyr/arch/arch/arm/core/mpu/libarch__arm__core__mpu.a(arm_mpu.c.obj)
                0x00000000000042c0                arm_core_mpu_enable
 .text.arm_core_mpu_disable
                0x00000000000042d8       0x14 zephyr/arch/arch/arm/core/mpu/libarch__arm__core__mpu.a(arm_mpu.c.obj)
                0x00000000000042d8                arm_core_mpu_disable
 .text.arm_core_mpu_configure_static_mpu_regions
                0x00000000000042ec       0x14 zephyr/arch/arch/arm/core/mpu/libarch__arm__core__mpu.a(arm_mpu.c.obj)
                0x00000000000042ec                arm_core_mpu_configure_static_mpu_regions
 .text.arm_core_mpu_mark_areas_for_dynamic_regions
                0x0000000000004300       0xb8 zephyr/arch/arch/arm/core/mpu/libarch__arm__core__mpu.a(arm_mpu.c.obj)
                0x0000000000004300                arm_core_mpu_mark_areas_for_dynamic_regions
 .text.z_arm_mpu_init
                0x00000000000043b8      0x11c zephyr/arch/arch/arm/core/mpu/libarch__arm__core__mpu.a(arm_mpu.c.obj)
                0x00000000000043b8                z_arm_mpu_init
 .text.nrf_gpio_pin_control_select.constprop.0
                0x00000000000044d4       0x1c zephyr/soc/soc/nrf5340/libsoc__nordic.a(soc.c.obj)
 .text.z_arm_on_enter_cpu_idle
                0x00000000000044f0       0x64 zephyr/soc/soc/nrf5340/libsoc__nordic.a(soc.c.obj)
                0x00000000000044f0                z_arm_on_enter_cpu_idle
 .text.soc_early_init_hook
                0x0000000000004554       0x3c zephyr/soc/soc/nrf5340/libsoc__nordic.a(soc.c.obj)
                0x0000000000004554                soc_early_init_hook
 .text.soc_late_init_hook
                0x0000000000004590       0x58 zephyr/soc/soc/nrf5340/libsoc__nordic.a(soc.c.obj)
                0x0000000000004590                soc_late_init_hook
 .text.arch_busy_wait
                0x00000000000045e8       0x24 zephyr/soc/soc/nrf5340/libsoc__nordic.a(soc.c.obj)
                0x00000000000045e8                arch_busy_wait
 .text.assign_pins
                0x000000000000460c       0x54 zephyr/soc/soc/nrf5340/libsoc__nordic.a(nrf53_cpunet_mgmt.c.obj)
 .text.onoff_start
                0x0000000000004660       0x70 zephyr/soc/soc/nrf5340/libsoc__nordic.a(nrf53_cpunet_mgmt.c.obj)
 .text.nrf53_cpunet_mgmt_init
                0x00000000000046d0       0x10 zephyr/soc/soc/nrf5340/libsoc__nordic.a(nrf53_cpunet_mgmt.c.obj)
                0x00000000000046d0                nrf53_cpunet_mgmt_init
 .text.sys_arch_reboot
                0x00000000000046e0       0x24 zephyr/soc/soc/nrf5340/libsoc__nordic.a(reboot.c.obj)
                0x00000000000046e0                sys_arch_reboot
 .text.usbd_evt_put
                0x0000000000004704        0xc zephyr/drivers/usb/device/libdrivers__usb__device.a(usb_dc_nrfx.c.obj)
 .text.usbd_work_schedule
                0x0000000000004710       0x10 zephyr/drivers/usb/device/libdrivers__usb__device.a(usb_dc_nrfx.c.obj)
 .text.endpoint_ctx
                0x0000000000004720       0x60 zephyr/drivers/usb/device/libdrivers__usb__device.a(usb_dc_nrfx.c.obj)
 .text.usbd_evt_get
                0x0000000000004780       0x10 zephyr/drivers/usb/device/libdrivers__usb__device.a(usb_dc_nrfx.c.obj)
 .text.usb_init
                0x0000000000004790       0x78 zephyr/drivers/usb/device/libdrivers__usb__device.a(usb_dc_nrfx.c.obj)
 .text.hfxo_stop.constprop.0.isra.0
                0x0000000000004808       0x38 zephyr/drivers/usb/device/libdrivers__usb__device.a(usb_dc_nrfx.c.obj)
 .text.eps_ctx_init
                0x0000000000004840       0x68 zephyr/drivers/usb/device/libdrivers__usb__device.a(usb_dc_nrfx.c.obj)
 .text.usbd_evt_flush
                0x00000000000048a8       0x1c zephyr/drivers/usb/device/libdrivers__usb__device.a(usb_dc_nrfx.c.obj)
 .text.usbd_evt_alloc
                0x00000000000048c4       0x44 zephyr/drivers/usb/device/libdrivers__usb__device.a(usb_dc_nrfx.c.obj)
 .text.submit_dc_power_event
                0x0000000000004908       0x2c zephyr/drivers/usb/device/libdrivers__usb__device.a(usb_dc_nrfx.c.obj)
 .text.usb_dc_power_event_handler
                0x0000000000004934       0x38 zephyr/drivers/usb/device/libdrivers__usb__device.a(usb_dc_nrfx.c.obj)
 .text.usbd_event_transfer_data
                0x000000000000496c       0xa8 zephyr/drivers/usb/device/libdrivers__usb__device.a(usb_dc_nrfx.c.obj)
 .text.usbd_event_handler
                0x0000000000004a14      0x11c zephyr/drivers/usb/device/libdrivers__usb__device.a(usb_dc_nrfx.c.obj)
 .text.usbd_work_handler
                0x0000000000004b30      0x2d8 zephyr/drivers/usb/device/libdrivers__usb__device.a(usb_dc_nrfx.c.obj)
 .text.usb_dc_attach
                0x0000000000004e08       0x64 zephyr/drivers/usb/device/libdrivers__usb__device.a(usb_dc_nrfx.c.obj)
                0x0000000000004e08                usb_dc_attach
 .text.usb_dc_detach
                0x0000000000004e6c       0x40 zephyr/drivers/usb/device/libdrivers__usb__device.a(usb_dc_nrfx.c.obj)
                0x0000000000004e6c                usb_dc_detach
 .text.usb_dc_set_address
                0x0000000000004eac       0x24 zephyr/drivers/usb/device/libdrivers__usb__device.a(usb_dc_nrfx.c.obj)
                0x0000000000004eac                usb_dc_set_address
 .text.usb_dc_ep_configure
                0x0000000000004ed0       0x48 zephyr/drivers/usb/device/libdrivers__usb__device.a(usb_dc_nrfx.c.obj)
                0x0000000000004ed0                usb_dc_ep_configure
 .text.usb_dc_ep_set_stall
                0x0000000000004f18       0x50 zephyr/drivers/usb/device/libdrivers__usb__device.a(usb_dc_nrfx.c.obj)
                0x0000000000004f18                usb_dc_ep_set_stall
 .text.usb_dc_ep_clear_stall
                0x0000000000004f68       0x40 zephyr/drivers/usb/device/libdrivers__usb__device.a(usb_dc_nrfx.c.obj)
                0x0000000000004f68                usb_dc_ep_clear_stall
 .text.usb_dc_ep_is_stalled
                0x0000000000004fa8       0x38 zephyr/drivers/usb/device/libdrivers__usb__device.a(usb_dc_nrfx.c.obj)
                0x0000000000004fa8                usb_dc_ep_is_stalled
 .text.usb_dc_ep_enable
                0x0000000000004fe0       0x54 zephyr/drivers/usb/device/libdrivers__usb__device.a(usb_dc_nrfx.c.obj)
                0x0000000000004fe0                usb_dc_ep_enable
 .text.usb_dc_ep_write
                0x0000000000005034       0xf8 zephyr/drivers/usb/device/libdrivers__usb__device.a(usb_dc_nrfx.c.obj)
                0x0000000000005034                usb_dc_ep_write
 .text.usb_dc_ep_read_wait
                0x000000000000512c       0x90 zephyr/drivers/usb/device/libdrivers__usb__device.a(usb_dc_nrfx.c.obj)
                0x000000000000512c                usb_dc_ep_read_wait
 .text.usb_dc_ep_read_continue
                0x00000000000051bc       0x84 zephyr/drivers/usb/device/libdrivers__usb__device.a(usb_dc_nrfx.c.obj)
                0x00000000000051bc                usb_dc_ep_read_continue
 .text.usb_dc_ep_set_callback
                0x0000000000005240       0x28 zephyr/drivers/usb/device/libdrivers__usb__device.a(usb_dc_nrfx.c.obj)
                0x0000000000005240                usb_dc_ep_set_callback
 .text.usb_dc_set_status_callback
                0x0000000000005268        0xc zephyr/drivers/usb/device/libdrivers__usb__device.a(usb_dc_nrfx.c.obj)
                0x0000000000005268                usb_dc_set_status_callback
 .text.usb_dc_ep_mps
                0x0000000000005274       0x24 zephyr/drivers/usb/device/libdrivers__usb__device.a(usb_dc_nrfx.c.obj)
                0x0000000000005274                usb_dc_ep_mps
 .text.ep_state_access
                0x0000000000005298       0x20 zephyr/drivers/usb/common/nrf_usbd_common/libdrivers__usb__common__nrf_usbd_common.a(nrf_usbd_common.c.obj)
 .text.nrf_usbd_common_uninit
                0x00000000000052b8       0x14 zephyr/drivers/usb/common/nrf_usbd_common/libdrivers__usb__common__nrf_usbd_common.a(nrf_usbd_common.c.obj)
                0x00000000000052b8                nrf_usbd_common_uninit
 .text.nrf_usbd_common_enable
                0x00000000000052cc       0x64 zephyr/drivers/usb/common/nrf_usbd_common/libdrivers__usb__common__nrf_usbd_common.a(nrf_usbd_common.c.obj)
                0x00000000000052cc                nrf_usbd_common_enable
 .text.nrf_usbd_common_start
                0x0000000000005330       0x38 zephyr/drivers/usb/common/nrf_usbd_common/libdrivers__usb__common__nrf_usbd_common.a(nrf_usbd_common.c.obj)
                0x0000000000005330                nrf_usbd_common_start
 .text.nrf_usbd_common_is_enabled
                0x0000000000005368       0x14 zephyr/drivers/usb/common/nrf_usbd_common/libdrivers__usb__common__nrf_usbd_common.a(nrf_usbd_common.c.obj)
                0x0000000000005368                nrf_usbd_common_is_enabled
 .text.nrf_usbd_common_suspend
                0x000000000000537c       0x6c zephyr/drivers/usb/common/nrf_usbd_common/libdrivers__usb__common__nrf_usbd_common.a(nrf_usbd_common.c.obj)
                0x000000000000537c                nrf_usbd_common_suspend
 .text.nrf_usbd_common_init
                0x00000000000053e8       0x84 zephyr/drivers/usb/common/nrf_usbd_common/libdrivers__usb__common__nrf_usbd_common.a(nrf_usbd_common.c.obj)
                0x00000000000053e8                nrf_usbd_common_init
 .text.nrf_usbd_common_ep_enable_check
                0x000000000000546c       0x28 zephyr/drivers/usb/common/nrf_usbd_common/libdrivers__usb__common__nrf_usbd_common.a(nrf_usbd_common.c.obj)
                0x000000000000546c                nrf_usbd_common_ep_enable_check
 .text.nrf_usbd_common_ep_transfer
                0x0000000000005494       0x9c zephyr/drivers/usb/common/nrf_usbd_common/libdrivers__usb__common__nrf_usbd_common.a(nrf_usbd_common.c.obj)
                0x0000000000005494                nrf_usbd_common_ep_transfer
 .text.nrf_usbd_common_epout_size_get
                0x0000000000005530       0x28 zephyr/drivers/usb/common/nrf_usbd_common/libdrivers__usb__common__nrf_usbd_common.a(nrf_usbd_common.c.obj)
                0x0000000000005530                nrf_usbd_common_epout_size_get
 .text.nrf_usbd_common_irq_handler
                0x0000000000005558      0x48c zephyr/drivers/usb/common/nrf_usbd_common/libdrivers__usb__common__nrf_usbd_common.a(nrf_usbd_common.c.obj)
                0x0000000000005558                nrf_usbd_common_irq_handler
 .text.nrf_usbd_common_ep_stall
                0x00000000000059e4       0x10 zephyr/drivers/usb/common/nrf_usbd_common/libdrivers__usb__common__nrf_usbd_common.a(nrf_usbd_common.c.obj)
                0x00000000000059e4                nrf_usbd_common_ep_stall
 .text.nrf_usbd_common_ep_stall_check
                0x00000000000059f4       0x34 zephyr/drivers/usb/common/nrf_usbd_common/libdrivers__usb__common__nrf_usbd_common.a(nrf_usbd_common.c.obj)
                0x00000000000059f4                nrf_usbd_common_ep_stall_check
 .text.nrf_usbd_common_ep_dtoggle_clear
                0x0000000000005a28       0x14 zephyr/drivers/usb/common/nrf_usbd_common/libdrivers__usb__common__nrf_usbd_common.a(nrf_usbd_common.c.obj)
                0x0000000000005a28                nrf_usbd_common_ep_dtoggle_clear
 .text.nrf_usbd_common_setup_get
                0x0000000000005a3c       0x44 zephyr/drivers/usb/common/nrf_usbd_common/libdrivers__usb__common__nrf_usbd_common.a(nrf_usbd_common.c.obj)
                0x0000000000005a3c                nrf_usbd_common_setup_get
 .text.nrf_usbd_common_setup_data_clear
                0x0000000000005a80        0xc zephyr/drivers/usb/common/nrf_usbd_common/libdrivers__usb__common__nrf_usbd_common.a(nrf_usbd_common.c.obj)
                0x0000000000005a80                nrf_usbd_common_setup_data_clear
 .text.nrf_usbd_common_setup_clear
                0x0000000000005a8c        0xc zephyr/drivers/usb/common/nrf_usbd_common/libdrivers__usb__common__nrf_usbd_common.a(nrf_usbd_common.c.obj)
                0x0000000000005a8c                nrf_usbd_common_setup_clear
 .text.nrf_usbd_common_setup_stall
                0x0000000000005a98        0xc zephyr/drivers/usb/common/nrf_usbd_common/libdrivers__usb__common__nrf_usbd_common.a(nrf_usbd_common.c.obj)
                0x0000000000005a98                nrf_usbd_common_setup_stall
 .text.nrf_usbd_common_last_setup_dir_get
                0x0000000000005aa4        0xc zephyr/drivers/usb/common/nrf_usbd_common/libdrivers__usb__common__nrf_usbd_common.a(nrf_usbd_common.c.obj)
                0x0000000000005aa4                nrf_usbd_common_last_setup_dir_get
 .text.nrf_usbd_common_transfer_out_drop
                0x0000000000005ab0       0x4c zephyr/drivers/usb/common/nrf_usbd_common/libdrivers__usb__common__nrf_usbd_common.a(nrf_usbd_common.c.obj)
                0x0000000000005ab0                nrf_usbd_common_transfer_out_drop
 .text.usbd_ep_abort
                0x0000000000005afc       0xf0 zephyr/drivers/usb/common/nrf_usbd_common/libdrivers__usb__common__nrf_usbd_common.a(nrf_usbd_common.c.obj)
 .text.nrf_usbd_common_ep_abort
                0x0000000000005bec       0x34 zephyr/drivers/usb/common/nrf_usbd_common/libdrivers__usb__common__nrf_usbd_common.a(nrf_usbd_common.c.obj)
                0x0000000000005bec                nrf_usbd_common_ep_abort
 .text.nrf_usbd_common_disable
                0x0000000000005c20       0xd0 zephyr/drivers/usb/common/nrf_usbd_common/libdrivers__usb__common__nrf_usbd_common.a(nrf_usbd_common.c.obj)
                0x0000000000005c20                nrf_usbd_common_disable
 .text.nrf_usbd_common_ep_disable
                0x0000000000005cf0       0x60 zephyr/drivers/usb/common/nrf_usbd_common/libdrivers__usb__common__nrf_usbd_common.a(nrf_usbd_common.c.obj)
                0x0000000000005cf0                nrf_usbd_common_ep_disable
 .text.nrf_usbd_common_ep_enable
                0x0000000000005d50       0x70 zephyr/drivers/usb/common/nrf_usbd_common/libdrivers__usb__common__nrf_usbd_common.a(nrf_usbd_common.c.obj)
                0x0000000000005d50                nrf_usbd_common_ep_enable
 .text.nrf_usbd_common_ep_stall_clear
                0x0000000000005dc0       0x20 zephyr/drivers/usb/common/nrf_usbd_common/libdrivers__usb__common__nrf_usbd_common.a(nrf_usbd_common.c.obj)
                0x0000000000005dc0                nrf_usbd_common_ep_stall_clear
 .text.onoff_stop
                0x0000000000005de0       0x30 zephyr/drivers/clock_control/libdrivers__clock_control.a(clock_control_nrf.c.obj)
 .text.onoff_start
                0x0000000000005e10       0x44 zephyr/drivers/clock_control/libdrivers__clock_control.a(clock_control_nrf.c.obj)
 .text.generic_hfclk_stop
                0x0000000000005e54       0x34 zephyr/drivers/clock_control/libdrivers__clock_control.a(clock_control_nrf.c.obj)
 .text.clk_init
                0x0000000000005e88       0x64 zephyr/drivers/clock_control/libdrivers__clock_control.a(clock_control_nrf.c.obj)
 .text.api_blocking_start
                0x0000000000005eec       0x34 zephyr/drivers/clock_control/libdrivers__clock_control.a(clock_control_nrf.c.obj)
 .text.clkstarted_handle.constprop.0
                0x0000000000005f20       0x4c zephyr/drivers/clock_control/libdrivers__clock_control.a(clock_control_nrf.c.obj)
 .text.generic_hfclk_start
                0x0000000000005f6c       0x78 zephyr/drivers/clock_control/libdrivers__clock_control.a(clock_control_nrf.c.obj)
 .text.clock_event_handler
                0x0000000000005fe4       0x34 zephyr/drivers/clock_control/libdrivers__clock_control.a(clock_control_nrf.c.obj)
 .text.z_nrf_clock_control_get_onoff
                0x0000000000006018       0x10 zephyr/drivers/clock_control/libdrivers__clock_control.a(clock_control_nrf.c.obj)
                0x0000000000006018                z_nrf_clock_control_get_onoff
 .text.z_nrf_clock_control_lf_on
                0x0000000000006028       0xf8 zephyr/drivers/clock_control/libdrivers__clock_control.a(clock_control_nrf.c.obj)
                0x0000000000006028                z_nrf_clock_control_lf_on
 .text.qspi_get_zephyr_ret_code
                0x0000000000006120       0x1c zephyr/drivers/flash/libdrivers__flash.a(nrf_qspi_nor.c.obj)
 .text.qspi_nor_pages_layout
                0x000000000000613c       0x10 zephyr/drivers/flash/libdrivers__flash.a(nrf_qspi_nor.c.obj)
 .text.qspi_flash_get_parameters
                0x000000000000614c        0x8 zephyr/drivers/flash/libdrivers__flash.a(nrf_qspi_nor.c.obj)
 .text.nrf_qspi_pins_set.constprop.0
                0x0000000000006154       0x5c zephyr/drivers/flash/libdrivers__flash.a(nrf_qspi_nor.c.obj)
 .text.qspi_wait_for_completion.isra.0
                0x00000000000061b0       0x1c zephyr/drivers/flash/libdrivers__flash.a(nrf_qspi_nor.c.obj)
 .text.qspi_nor_write
                0x00000000000061cc      0x10c zephyr/drivers/flash/libdrivers__flash.a(nrf_qspi_nor.c.obj)
 .text.qspi_nor_read
                0x00000000000062d8      0x13c zephyr/drivers/flash/libdrivers__flash.a(nrf_qspi_nor.c.obj)
 .text.qspi_nor_erase
                0x0000000000006414       0xfc zephyr/drivers/flash/libdrivers__flash.a(nrf_qspi_nor.c.obj)
 .text.qspi_nor_init
                0x0000000000006510      0x1b8 zephyr/drivers/flash/libdrivers__flash.a(nrf_qspi_nor.c.obj)
 .text.flash_nrf_pages_layout
                0x00000000000066c8       0x10 zephyr/drivers/flash/libdrivers__flash.a(soc_flash_nrf.c.obj)
 .text.flash_nrf_get_parameters
                0x00000000000066d8        0x8 zephyr/drivers/flash/libdrivers__flash.a(soc_flash_nrf.c.obj)
 .text.nrf_flash_init
                0x00000000000066e0       0x28 zephyr/drivers/flash/libdrivers__flash.a(soc_flash_nrf.c.obj)
 .text.flash_nrf_erase
                0x0000000000006708       0x64 zephyr/drivers/flash/libdrivers__flash.a(soc_flash_nrf.c.obj)
 .text.flash_nrf_write
                0x000000000000676c       0x98 zephyr/drivers/flash/libdrivers__flash.a(soc_flash_nrf.c.obj)
 .text.flash_sim_write
                0x0000000000006804       0x48 zephyr/drivers/flash/libdrivers__flash.a(flash_simulator.c.obj)
 .text.flash_sim_page_layout
                0x000000000000684c       0x10 zephyr/drivers/flash/libdrivers__flash.a(flash_simulator.c.obj)
 .text.flash_sim_get_parameters
                0x000000000000685c        0x8 zephyr/drivers/flash/libdrivers__flash.a(flash_simulator.c.obj)
 .text.flash_sim_read
                0x0000000000006864       0x2c zephyr/drivers/flash/libdrivers__flash.a(flash_simulator.c.obj)
 .text.flash_sim_erase
                0x0000000000006890       0x50 zephyr/drivers/flash/libdrivers__flash.a(flash_simulator.c.obj)
 .text.flash_init
                0x00000000000068e0       0x18 zephyr/drivers/flash/libdrivers__flash.a(flash_simulator.c.obj)
 .text.z_impl_flash_simulator_get_memory
                0x00000000000068f8       0x10 zephyr/drivers/flash/libdrivers__flash.a(flash_simulator.c.obj)
                0x00000000000068f8                z_impl_flash_simulator_get_memory
 .text.gpio_nrfx_pin_configure
                0x0000000000006908      0x13c zephyr/drivers/gpio/libdrivers__gpio.a(gpio_nrfx.c.obj)
 .text.gpio_nrfx_init
                0x0000000000006a44       0x30 zephyr/drivers/gpio/libdrivers__gpio.a(gpio_nrfx.c.obj)
 .text.nrf_gpio_pin_port_decode
                0x0000000000006a74       0x24 zephyr/drivers/pinctrl/libdrivers__pinctrl.a(pinctrl_nrf.c.obj)
 .text.pinctrl_configure_pins
                0x0000000000006a98      0x18c zephyr/drivers/pinctrl/libdrivers__pinctrl.a(pinctrl_nrf.c.obj)
                0x0000000000006a98                pinctrl_configure_pins
 .text.regulator_delay
                0x0000000000006c24       0x2c zephyr/drivers/regulator/libdrivers__regulator.a(regulator_common.c.obj)
 .text.compare_int_lock
                0x0000000000006c50       0x40 zephyr/drivers/timer/libdrivers__timer.a(nrf_rtc_timer.c.obj)
 .text.sys_clock_timeout_handler
                0x0000000000006c90       0x48 zephyr/drivers/timer/libdrivers__timer.a(nrf_rtc_timer.c.obj)
 .text.compare_int_unlock
                0x0000000000006cd8       0x4c zephyr/drivers/timer/libdrivers__timer.a(nrf_rtc_timer.c.obj)
 .text.z_nrf_rtc_timer_read
                0x0000000000006d24       0x44 zephyr/drivers/timer/libdrivers__timer.a(nrf_rtc_timer.c.obj)
                0x0000000000006d24                z_nrf_rtc_timer_read
 .text.compare_set
                0x0000000000006d68      0x124 zephyr/drivers/timer/libdrivers__timer.a(nrf_rtc_timer.c.obj)
 .text.sys_clock_driver_init
                0x0000000000006e8c       0x90 zephyr/drivers/timer/libdrivers__timer.a(nrf_rtc_timer.c.obj)
 .text.rtc_nrf_isr
                0x0000000000006f1c       0xd0 zephyr/drivers/timer/libdrivers__timer.a(nrf_rtc_timer.c.obj)
                0x0000000000006f1c                rtc_nrf_isr
 .text.sys_clock_set_timeout
                0x0000000000006fec       0x5c zephyr/drivers/timer/libdrivers__timer.a(nrf_rtc_timer.c.obj)
                0x0000000000006fec                sys_clock_set_timeout
 .text.sys_clock_elapsed
                0x0000000000007048       0x14 zephyr/drivers/timer/libdrivers__timer.a(nrf_rtc_timer.c.obj)
                0x0000000000007048                sys_clock_elapsed
 .text.sys_clock_disable
                0x000000000000705c       0x30 zephyr/drivers/timer/libdrivers__timer.a(nrf_rtc_timer.c.obj)
                0x000000000000705c                sys_clock_disable
 .text.fprotect_area
                0x000000000000708c       0x3c modules/nrf/lib/fprotect/lib..__nrf__lib__fprotect.a(fprotect_spu.c.obj)
                0x000000000000708c                fprotect_area
 .text.pcd_fw_copy_status_get
                0x00000000000070c8       0x48 modules/nrf/subsys/pcd/lib..__nrf__subsys__pcd.a(pcd.c.obj)
                0x00000000000070c8                pcd_fw_copy_status_get
 .text.network_core_finished_check_handler
                0x0000000000007110       0x20 modules/nrf/subsys/pcd/lib..__nrf__subsys__pcd.a(pcd.c.obj)
 .text.network_core_pcd_cmdset.constprop.0
                0x0000000000007130       0xd8 modules/nrf/subsys/pcd/lib..__nrf__subsys__pcd.a(pcd.c.obj)
 .text.pcd_network_core_update_initiate
                0x0000000000007208       0x3c modules/nrf/subsys/pcd/lib..__nrf__subsys__pcd.a(pcd.c.obj)
                0x0000000000007208                pcd_network_core_update_initiate
 .text.pcd_network_core_update
                0x0000000000007244       0x14 modules/nrf/subsys/pcd/lib..__nrf__subsys__pcd.a(pcd.c.obj)
                0x0000000000007244                pcd_network_core_update
 .text.pcd_lock_ram
                0x0000000000007258       0x14 modules/nrf/subsys/pcd/lib..__nrf__subsys__pcd.a(pcd.c.obj)
                0x0000000000007258                pcd_lock_ram
 .text.boot_image_check_hook
                0x000000000000726c       0x18 modules/nrf/modules/mcuboot/hooks/lib..__nrf__modules__mcuboot__hooks.a(nrf53_hooks.c.obj)
                0x000000000000726c                boot_image_check_hook
 .text.network_core_update
                0x0000000000007284       0x50 modules/nrf/modules/mcuboot/hooks/lib..__nrf__modules__mcuboot__hooks.a(nrf53_hooks.c.obj)
                0x0000000000007284                network_core_update
 .text.boot_write_magic
                0x00000000000072d4       0x44 modules/mcuboot/boot/bootutil/zephyr/libmcuboot_util.a(bootutil_public.c.obj)
                0x00000000000072d4                boot_write_magic
 .text.boot_read_swap_state
                0x0000000000007318       0xac modules/mcuboot/boot/bootutil/zephyr/libmcuboot_util.a(bootutil_public.c.obj)
                0x0000000000007318                boot_read_swap_state
 .text.boot_swap_type_multi
                0x00000000000073c4       0xb0 modules/mcuboot/boot/bootutil/zephyr/libmcuboot_util.a(bootutil_public.c.obj)
                0x00000000000073c4                boot_swap_type_multi
 .text.mbedtls_ct_bool
                0x0000000000007474       0x18 modules/mbedtls/libmbedTLSBase.a(bignum_core.c.obj)
 .text.mbedtls_mpi_core_cond_assign
                0x000000000000748c       0x30 modules/mbedtls/libmbedTLSBase.a(bignum_core.c.obj)
                0x000000000000748c                mbedtls_mpi_core_cond_assign
 .text.mbedtls_mpi_core_exp_mod_optionally_safe
                0x00000000000074bc      0x1a0 modules/mbedtls/libmbedTLSBase.a(bignum_core.c.obj)
 .text.mbedtls_ct_mpi_sign_if
                0x000000000000765c       0x1c modules/mbedtls/libmbedTLSBase.a(bignum.c.obj)
 .text.mbedtls_mpi_div_mpi
                0x0000000000007678      0x334 modules/mbedtls/libmbedTLSBase.a(bignum.c.obj)
                0x0000000000007678                mbedtls_mpi_div_mpi
 .text.mbedtls_ct_memcpy_if
                0x00000000000079ac       0x4c modules/mbedtls/libmbedTLSBase.a(constant_time.c.obj)
                0x00000000000079ac                mbedtls_ct_memcpy_if
 .text.mbedtls_md_info_from_type
                0x00000000000079f8       0x10 modules/mbedtls/libmbedTLSBase.a(md.c.obj)
                0x00000000000079f8                mbedtls_md_info_from_type
 .text.verify_header
                0x0000000000007a08       0x40 modules/mbedtls/libmbedTLSBase.a(memory_buffer_alloc.c.obj)
 .text.verify_chain
                0x0000000000007a48       0x3c modules/mbedtls/libmbedTLSBase.a(memory_buffer_alloc.c.obj)
 .text.buffer_alloc_calloc
                0x0000000000007a84      0x114 modules/mbedtls/libmbedTLSBase.a(memory_buffer_alloc.c.obj)
 .text.buffer_alloc_free
                0x0000000000007b98      0x124 modules/mbedtls/libmbedTLSBase.a(memory_buffer_alloc.c.obj)
 .text.mbedtls_memory_buffer_alloc_init
                0x0000000000007cbc       0x68 modules/mbedtls/libmbedTLSBase.a(memory_buffer_alloc.c.obj)
                0x0000000000007cbc                mbedtls_memory_buffer_alloc_init
 .text.mbedtls_platform_zeroize
                0x0000000000007d24       0x18 modules/mbedtls/libmbedTLSBase.a(platform_util.c.obj)
                0x0000000000007d24                mbedtls_platform_zeroize
 .text.mbedtls_calloc
                0x0000000000007d3c        0xc modules/mbedtls/libmbedTLSBase.a(platform.c.obj)
                0x0000000000007d3c                mbedtls_calloc
 .text.mbedtls_free
                0x0000000000007d48        0xc modules/mbedtls/libmbedTLSBase.a(platform.c.obj)
                0x0000000000007d48                mbedtls_free
 .text.mbedtls_platform_set_calloc_free
                0x0000000000007d54       0x14 modules/mbedtls/libmbedTLSBase.a(platform.c.obj)
                0x0000000000007d54                mbedtls_platform_set_calloc_free
 .text.rsa_check_context.constprop.0
                0x0000000000007d68       0xb8 modules/mbedtls/libmbedTLSBase.a(rsa.c.obj)
 .text.mbedtls_rsa_set_padding
                0x0000000000007e20       0x30 modules/mbedtls/libmbedTLSBase.a(rsa.c.obj)
                0x0000000000007e20                mbedtls_rsa_set_padding
 .text.mbedtls_rsa_check_pubkey
                0x0000000000007e50       0x4c modules/mbedtls/libmbedTLSBase.a(rsa.c.obj)
                0x0000000000007e50                mbedtls_rsa_check_pubkey
 .text.mbedtls_rsa_public
                0x0000000000007e9c       0x90 modules/mbedtls/libmbedTLSBase.a(rsa.c.obj)
                0x0000000000007e9c                mbedtls_rsa_public
 .text.mbedtls_sha256_starts
                0x0000000000007f2c       0x5c modules/mbedtls/libmbedTLSBase.a(sha256.c.obj)
                0x0000000000007f2c                mbedtls_sha256_starts
 .text.mbedtls_internal_sha256_process
                0x0000000000007f88      0x134 modules/mbedtls/libmbedTLSBase.a(sha256.c.obj)
                0x0000000000007f88                mbedtls_internal_sha256_process
 .text.nrf53_errata_42
                0x00000000000080bc       0x24 modules/hal_nordic/modules/hal_nordic/nrfx/libmodules__hal_nordic__nrfx.a(system_nrf5340_application.c.obj)
 .text.SystemInit
                0x00000000000080e0      0x1c4 modules/hal_nordic/modules/hal_nordic/nrfx/libmodules__hal_nordic__nrfx.a(system_nrf5340_application.c.obj)
                0x00000000000080e0                SystemInit
 .text.nrfx_flag32_alloc
                0x00000000000082a4       0x40 modules/hal_nordic/modules/hal_nordic/nrfx/libmodules__hal_nordic__nrfx.a(nrfx_flag32_allocator.c.obj)
                0x00000000000082a4                nrfx_flag32_alloc
 .text.nrfx_flag32_free
                0x00000000000082e4       0x38 modules/hal_nordic/modules/hal_nordic/nrfx/libmodules__hal_nordic__nrfx.a(nrfx_flag32_allocator.c.obj)
                0x00000000000082e4                nrfx_flag32_free
 .text.nrfx_gppi_channels_enable
                0x000000000000831c        0xc modules/hal_nordic/modules/hal_nordic/nrfx/libmodules__hal_nordic__nrfx.a(nrfx_gppi_dppi.c.obj)
                0x000000000000831c                nrfx_gppi_channels_enable
 .text.nrfx_gppi_channel_alloc
                0x0000000000008328        0xc modules/hal_nordic/modules/hal_nordic/nrfx/libmodules__hal_nordic__nrfx.a(nrfx_gppi_dppi.c.obj)
                0x0000000000008328                nrfx_gppi_channel_alloc
 .text.clock_stop
                0x0000000000008334       0xf4 modules/hal_nordic/modules/hal_nordic/nrfx/libmodules__hal_nordic__nrfx.a(nrfx_clock.c.obj)
 .text.nrfx_clock_init
                0x0000000000008428       0x20 modules/hal_nordic/modules/hal_nordic/nrfx/libmodules__hal_nordic__nrfx.a(nrfx_clock.c.obj)
                0x0000000000008428                nrfx_clock_init
 .text.nrfx_clock_enable
                0x0000000000008448       0x38 modules/hal_nordic/modules/hal_nordic/nrfx/libmodules__hal_nordic__nrfx.a(nrfx_clock.c.obj)
                0x0000000000008448                nrfx_clock_enable
 .text.nrfx_clock_start
                0x0000000000008480       0xd0 modules/hal_nordic/modules/hal_nordic/nrfx/libmodules__hal_nordic__nrfx.a(nrfx_clock.c.obj)
                0x0000000000008480                nrfx_clock_start
 .text.nrfx_clock_irq_handler
                0x0000000000008550       0x70 modules/hal_nordic/modules/hal_nordic/nrfx/libmodules__hal_nordic__nrfx.a(nrfx_clock.c.obj)
                0x0000000000008550                nrfx_clock_irq_handler
 .text.nrfx_dppi_channel_alloc
                0x00000000000085c0       0x10 modules/hal_nordic/modules/hal_nordic/nrfx/libmodules__hal_nordic__nrfx.a(nrfx_dppi.c.obj)
                0x00000000000085c0                nrfx_dppi_channel_alloc
 .text.nrf_gpio_pin_port_decode
                0x00000000000085d0       0x24 modules/hal_nordic/modules/hal_nordic/nrfx/libmodules__hal_nordic__nrfx.a(nrfx_gpiote.c.obj)
 .text.get_pin_idx
                0x00000000000085f4       0x14 modules/hal_nordic/modules/hal_nordic/nrfx/libmodules__hal_nordic__nrfx.a(nrfx_gpiote.c.obj)
 .text.pin_te_get.constprop.0
                0x0000000000008608       0x18 modules/hal_nordic/modules/hal_nordic/nrfx/libmodules__hal_nordic__nrfx.a(nrfx_gpiote.c.obj)
 .text.pin_is_output.constprop.0
                0x0000000000008620       0x18 modules/hal_nordic/modules/hal_nordic/nrfx/libmodules__hal_nordic__nrfx.a(nrfx_gpiote.c.obj)
 .text.pin_in_use_by_te.constprop.0
                0x0000000000008638       0x18 modules/hal_nordic/modules/hal_nordic/nrfx/libmodules__hal_nordic__nrfx.a(nrfx_gpiote.c.obj)
 .text.release_handler.isra.0
                0x0000000000008650       0x58 modules/hal_nordic/modules/hal_nordic/nrfx/libmodules__hal_nordic__nrfx.a(nrfx_gpiote.c.obj)
 .text.pin_uninit
                0x00000000000086a8       0x84 modules/hal_nordic/modules/hal_nordic/nrfx/libmodules__hal_nordic__nrfx.a(nrfx_gpiote.c.obj)
 .text.nrfx_gpiote_input_configure
                0x000000000000872c      0x180 modules/hal_nordic/modules/hal_nordic/nrfx/libmodules__hal_nordic__nrfx.a(nrfx_gpiote.c.obj)
                0x000000000000872c                nrfx_gpiote_input_configure
 .text.nrfx_gpiote_output_configure
                0x00000000000088ac      0x104 modules/hal_nordic/modules/hal_nordic/nrfx/libmodules__hal_nordic__nrfx.a(nrfx_gpiote.c.obj)
                0x00000000000088ac                nrfx_gpiote_output_configure
 .text.nrfx_gpiote_init
                0x00000000000089b0       0x48 modules/hal_nordic/modules/hal_nordic/nrfx/libmodules__hal_nordic__nrfx.a(nrfx_gpiote.c.obj)
                0x00000000000089b0                nrfx_gpiote_init
 .text.nrfx_gpiote_init_check
                0x00000000000089f8       0x14 modules/hal_nordic/modules/hal_nordic/nrfx/libmodules__hal_nordic__nrfx.a(nrfx_gpiote.c.obj)
                0x00000000000089f8                nrfx_gpiote_init_check
 .text.nvmc_readonly_mode_set
                0x0000000000008a0c       0x14 modules/hal_nordic/modules/hal_nordic/nrfx/libmodules__hal_nordic__nrfx.a(nrfx_nvmc.c.obj)
 .text.nvmc_word_write
                0x0000000000008a20       0x18 modules/hal_nordic/modules/hal_nordic/nrfx/libmodules__hal_nordic__nrfx.a(nrfx_nvmc.c.obj)
 .text.nrfx_nvmc_page_erase
                0x0000000000008a38       0x3c modules/hal_nordic/modules/hal_nordic/nrfx/libmodules__hal_nordic__nrfx.a(nrfx_nvmc.c.obj)
                0x0000000000008a38                nrfx_nvmc_page_erase
 .text.nrfx_nvmc_word_write
                0x0000000000008a74       0x20 modules/hal_nordic/modules/hal_nordic/nrfx/libmodules__hal_nordic__nrfx.a(nrfx_nvmc.c.obj)
                0x0000000000008a74                nrfx_nvmc_word_write
 .text.nrfx_nvmc_bytes_write
                0x0000000000008a94       0x84 modules/hal_nordic/modules/hal_nordic/nrfx/libmodules__hal_nordic__nrfx.a(nrfx_nvmc.c.obj)
                0x0000000000008a94                nrfx_nvmc_bytes_write
 .text.nrfx_power_init
                0x0000000000008b18       0x74 modules/hal_nordic/modules/hal_nordic/nrfx/libmodules__hal_nordic__nrfx.a(nrfx_power.c.obj)
                0x0000000000008b18                nrfx_power_init
 .text.nrfx_power_irq_handler
                0x0000000000008b8c       0x70 modules/hal_nordic/modules/hal_nordic/nrfx/libmodules__hal_nordic__nrfx.a(nrfx_power.c.obj)
                0x0000000000008b8c                nrfx_power_irq_handler
 .text.qspi_deactivate
                0x0000000000008bfc       0x24 modules/hal_nordic/modules/hal_nordic/nrfx/libmodules__hal_nordic__nrfx.a(nrfx_qspi.c.obj)
 .text.qspi_ready_wait
                0x0000000000008c20       0x54 modules/hal_nordic/modules/hal_nordic/nrfx/libmodules__hal_nordic__nrfx.a(nrfx_qspi.c.obj)
 .text.qspi_activate
                0x0000000000008c74       0x34 modules/hal_nordic/modules/hal_nordic/nrfx/libmodules__hal_nordic__nrfx.a(nrfx_qspi.c.obj)
 .text.qspi_xfer
                0x0000000000008ca8      0x104 modules/hal_nordic/modules/hal_nordic/nrfx/libmodules__hal_nordic__nrfx.a(nrfx_qspi.c.obj)
 .text.qspi_event_xfer_handle.constprop.0
                0x0000000000008dac       0x28 modules/hal_nordic/modules/hal_nordic/nrfx/libmodules__hal_nordic__nrfx.a(nrfx_qspi.c.obj)
 .text.nrf_gpio_cfg.constprop.0
                0x0000000000008dd4       0x44 modules/hal_nordic/modules/hal_nordic/nrfx/libmodules__hal_nordic__nrfx.a(nrfx_qspi.c.obj)
 .text.nrf_qspi_cinstrdata_get.constprop.0
                0x0000000000008e18       0x40 modules/hal_nordic/modules/hal_nordic/nrfx/libmodules__hal_nordic__nrfx.a(nrfx_qspi.c.obj)
 .text.nrf_qspi_cinstrdata_set.constprop.0
                0x0000000000008e58       0x64 modules/hal_nordic/modules/hal_nordic/nrfx/libmodules__hal_nordic__nrfx.a(nrfx_qspi.c.obj)
 .text.nrf_qspi_pins_set.constprop.0
                0x0000000000008ebc       0x5c modules/hal_nordic/modules/hal_nordic/nrfx/libmodules__hal_nordic__nrfx.a(nrfx_qspi.c.obj)
 .text.qspi_workaround_215_43_apply
                0x0000000000008f18       0x70 modules/hal_nordic/modules/hal_nordic/nrfx/libmodules__hal_nordic__nrfx.a(nrfx_qspi.c.obj)
 .text.qspi_configure
                0x0000000000008f88      0x138 modules/hal_nordic/modules/hal_nordic/nrfx/libmodules__hal_nordic__nrfx.a(nrfx_qspi.c.obj)
 .text.nrfx_qspi_init
                0x00000000000090c0       0x40 modules/hal_nordic/modules/hal_nordic/nrfx/libmodules__hal_nordic__nrfx.a(nrfx_qspi.c.obj)
                0x00000000000090c0                nrfx_qspi_init
 .text.nrfx_qspi_cinstr_xfer
                0x0000000000009100       0xbc modules/hal_nordic/modules/hal_nordic/nrfx/libmodules__hal_nordic__nrfx.a(nrfx_qspi.c.obj)
                0x0000000000009100                nrfx_qspi_cinstr_xfer
 .text.nrfx_qspi_activate
                0x00000000000091bc       0x18 modules/hal_nordic/modules/hal_nordic/nrfx/libmodules__hal_nordic__nrfx.a(nrfx_qspi.c.obj)
                0x00000000000091bc                nrfx_qspi_activate
 .text.nrfx_qspi_deactivate
                0x00000000000091d4       0x24 modules/hal_nordic/modules/hal_nordic/nrfx/libmodules__hal_nordic__nrfx.a(nrfx_qspi.c.obj)
                0x00000000000091d4                nrfx_qspi_deactivate
 .text.nrfx_qspi_init_check
                0x00000000000091f8       0x14 modules/hal_nordic/modules/hal_nordic/nrfx/libmodules__hal_nordic__nrfx.a(nrfx_qspi.c.obj)
                0x00000000000091f8                nrfx_qspi_init_check
 .text.nrfx_qspi_erase
                0x000000000000920c       0xac modules/hal_nordic/modules/hal_nordic/nrfx/libmodules__hal_nordic__nrfx.a(nrfx_qspi.c.obj)
                0x000000000000920c                nrfx_qspi_erase
 .text.nrfx_qspi_irq_handler
                0x00000000000092b8       0x94 modules/hal_nordic/modules/hal_nordic/nrfx/libmodules__hal_nordic__nrfx.a(nrfx_qspi.c.obj)
                0x00000000000092b8                nrfx_qspi_irq_handler
 .text.nrfx_usbreg_enable
                0x000000000000934c       0x10 modules/hal_nordic/modules/hal_nordic/nrfx/libmodules__hal_nordic__nrfx.a(nrfx_usbreg.c.obj)
                0x000000000000934c                nrfx_usbreg_enable
 .text.nrfx_usbreg_disable
                0x000000000000935c       0x10 modules/hal_nordic/modules/hal_nordic/nrfx/libmodules__hal_nordic__nrfx.a(nrfx_usbreg.c.obj)
                0x000000000000935c                nrfx_usbreg_disable
 .text.nrfx_usbreg_uninit
                0x000000000000936c       0x20 modules/hal_nordic/modules/hal_nordic/nrfx/libmodules__hal_nordic__nrfx.a(nrfx_usbreg.c.obj)
                0x000000000000936c                nrfx_usbreg_uninit
 .text.nrfx_usbreg_init
                0x000000000000938c       0x28 modules/hal_nordic/modules/hal_nordic/nrfx/libmodules__hal_nordic__nrfx.a(nrfx_usbreg.c.obj)
                0x000000000000938c                nrfx_usbreg_init
 .text.nrfx_usbreg_irq_handler
                0x00000000000093b4       0x50 modules/hal_nordic/modules/hal_nordic/nrfx/libmodules__hal_nordic__nrfx.a(nrfx_usbreg.c.obj)
                0x00000000000093b4                nrfx_usbreg_irq_handler
 .text.value_encode_len
                0x0000000000009404       0x60 modules/zcbor/libmodules__zcbor.a(zcbor_encode.c.obj)
 .text.z_fatal_error
                0x0000000000009464       0x30 zephyr/kernel/libkernel.a(fatal.c.obj)
                0x0000000000009464                z_fatal_error
 .text.z_sys_init_run_level
                0x0000000000009494       0x30 zephyr/kernel/libkernel.a(init.c.obj)
 .text.bg_thread_main
                0x00000000000094c4       0xc4 zephyr/kernel/libkernel.a(init.c.obj)
 .text.z_bss_zero
                0x0000000000009588       0x18 zephyr/kernel/libkernel.a(init.c.obj)
                0x0000000000009588                z_bss_zero
 .text.z_init_cpu
                0x00000000000095a0       0x68 zephyr/kernel/libkernel.a(init.c.obj)
                0x00000000000095a0                z_init_cpu
 .text.z_cstart
                0x0000000000009608       0xd4 zephyr/kernel/libkernel.a(init.c.obj)
                0x0000000000009608                z_cstart
 .text.init_mem_slab_obj_core_list
                0x00000000000096dc       0x24 zephyr/kernel/libkernel.a(mem_slab.c.obj)
 .text.k_mem_slab_alloc
                0x0000000000009700       0x5c zephyr/kernel/libkernel.a(mem_slab.c.obj)
                0x0000000000009700                k_mem_slab_alloc
 .text.z_impl_k_mutex_lock
                0x000000000000975c       0xf0 zephyr/kernel/libkernel.a(mutex.c.obj)
                0x000000000000975c                z_impl_k_mutex_lock
 .text.z_impl_k_mutex_unlock
                0x000000000000984c       0xa0 zephyr/kernel/libkernel.a(mutex.c.obj)
                0x000000000000984c                z_impl_k_mutex_unlock
 .text.z_impl_k_queue_get
                0x00000000000098ec       0x64 zephyr/kernel/libkernel.a(queue.c.obj)
                0x00000000000098ec                z_impl_k_queue_get
 .text.z_impl_k_sem_give
                0x0000000000009950       0x68 zephyr/kernel/libkernel.a(sem.c.obj)
                0x0000000000009950                z_impl_k_sem_give
 .text.z_impl_k_sem_take
                0x00000000000099b8       0x4c zephyr/kernel/libkernel.a(sem.c.obj)
                0x00000000000099b8                z_impl_k_sem_take
 .text.work_queue_main
                0x0000000000009a04      0x14c zephyr/kernel/libkernel.a(work.c.obj)
 .text.submit_to_queue_locked
                0x0000000000009b50       0xb8 zephyr/kernel/libkernel.a(work.c.obj)
 .text.k_work_queue_start
                0x0000000000009c08       0x80 zephyr/kernel/libkernel.a(work.c.obj)
                0x0000000000009c08                k_work_queue_start
 .text.k_work_schedule_for_queue
                0x0000000000009c88       0x54 zephyr/kernel/libkernel.a(work.c.obj)
                0x0000000000009c88                k_work_schedule_for_queue
 .text.z_setup_new_thread
                0x0000000000009cdc       0x7c zephyr/kernel/libkernel.a(thread.c.obj)
                0x0000000000009cdc                z_setup_new_thread
 .text.z_impl_k_thread_create
                0x0000000000009d58       0x58 zephyr/kernel/libkernel.a(thread.c.obj)
                0x0000000000009d58                z_impl_k_thread_create
 .text.z_dummy_thread_init
                0x0000000000009db0       0x18 zephyr/kernel/libkernel.a(thread.c.obj)
                0x0000000000009db0                z_dummy_thread_init
 .text.z_swap_irqlock
                0x0000000000009dc8       0x30 zephyr/kernel/libkernel.a(sched.c.obj)
 .text.ready_thread
                0x0000000000009df8       0x7c zephyr/kernel/libkernel.a(sched.c.obj)
 .text.unready_thread
                0x0000000000009e74       0x4c zephyr/kernel/libkernel.a(sched.c.obj)
 .text.add_thread_timeout
                0x0000000000009ec0       0x1c zephyr/kernel/libkernel.a(sched.c.obj)
 .text.z_pend_curr
                0x0000000000009edc       0x3c zephyr/kernel/libkernel.a(sched.c.obj)
                0x0000000000009edc                z_pend_curr
 .text.z_thread_prio_set
                0x0000000000009f18       0xd8 zephyr/kernel/libkernel.a(sched.c.obj)
                0x0000000000009f18                z_thread_prio_set
 .text.z_reschedule
                0x0000000000009ff0       0x24 zephyr/kernel/libkernel.a(sched.c.obj)
                0x0000000000009ff0                z_reschedule
 .text.z_reschedule_irqlock
                0x000000000000a014       0x28 zephyr/kernel/libkernel.a(sched.c.obj)
                0x000000000000a014                z_reschedule_irqlock
 .text.k_sched_lock
                0x000000000000a03c       0x28 zephyr/kernel/libkernel.a(sched.c.obj)
                0x000000000000a03c                k_sched_lock
 .text.k_sched_unlock
                0x000000000000a064       0x60 zephyr/kernel/libkernel.a(sched.c.obj)
                0x000000000000a064                k_sched_unlock
 .text.z_sched_init
                0x000000000000a0c4       0x10 zephyr/kernel/libkernel.a(sched.c.obj)
                0x000000000000a0c4                z_sched_init
 .text.z_impl_k_yield
                0x000000000000a0d4       0x78 zephyr/kernel/libkernel.a(sched.c.obj)
                0x000000000000a0d4                z_impl_k_yield
 .text.z_tick_sleep
                0x000000000000a14c       0x70 zephyr/kernel/libkernel.a(sched.c.obj)
 .text.z_impl_k_usleep
                0x000000000000a1bc       0x3c zephyr/kernel/libkernel.a(sched.c.obj)
                0x000000000000a1bc                z_impl_k_usleep
 .text.z_impl_k_wakeup
                0x000000000000a1f8       0x48 zephyr/kernel/libkernel.a(sched.c.obj)
                0x000000000000a1f8                z_impl_k_wakeup
 .text.z_impl_k_sched_current_thread_query
                0x000000000000a240        0xc zephyr/kernel/libkernel.a(sched.c.obj)
                0x000000000000a240                z_impl_k_sched_current_thread_query
 .text.z_thread_abort
                0x000000000000a24c      0x120 zephyr/kernel/libkernel.a(sched.c.obj)
                0x000000000000a24c                z_thread_abort
 .text.z_sched_wait
                0x000000000000a36c       0x24 zephyr/kernel/libkernel.a(sched.c.obj)
                0x000000000000a36c                z_sched_wait
 .text.z_data_copy
                0x000000000000a390       0x38 zephyr/kernel/libkernel.a(xip.c.obj)
                0x000000000000a390                z_data_copy
 .text.first    0x000000000000a3c8       0x10 zephyr/kernel/libkernel.a(timeout.c.obj)
 .text.elapsed  0x000000000000a3d8       0x14 zephyr/kernel/libkernel.a(timeout.c.obj)
 .text.remove_timeout
                0x000000000000a3ec       0x38 zephyr/kernel/libkernel.a(timeout.c.obj)
 .text.z_add_timeout
                0x000000000000a424      0x124 zephyr/kernel/libkernel.a(timeout.c.obj)
                0x000000000000a424                z_add_timeout
 .text.sys_clock_announce
                0x000000000000a548       0xb8 zephyr/kernel/libkernel.a(timeout.c.obj)
                0x000000000000a548                sys_clock_announce
 .text.sys_clock_tick_get
                0x000000000000a600       0x30 zephyr/kernel/libkernel.a(timeout.c.obj)
                0x000000000000a600                sys_clock_tick_get
 .text.z_timer_expiration_handler
                0x000000000000a630       0xe0 zephyr/kernel/libkernel.a(timer.c.obj)
                0x000000000000a630                z_timer_expiration_handler
 .text.z_impl_k_timer_start
                0x000000000000a710       0x74 zephyr/kernel/libkernel.a(timer.c.obj)
                0x000000000000a710                z_impl_k_timer_start
 .text.z_thread_alloc_helper
                0x000000000000a784       0x4c zephyr/kernel/libkernel.a(mempool.c.obj)
 .text.z_thread_malloc
                0x000000000000a7d0       0x10 zephyr/kernel/libkernel.a(mempool.c.obj)
                0x000000000000a7d0                z_thread_malloc
 .text.statics_init
                0x000000000000a7e0       0x24 zephyr/kernel/libkernel.a(kheap.c.obj)
 .text.k_sys_work_q_init
                0x000000000000a804       0x2c zephyr/kernel/libkernel.a(system_work_q.c.obj)
 .text.nrf_cc3xx_platform_init_no_rng
                0x000000000000a830       0x38 /home/khanh/ncs/v3.1.1/nrfxlib/crypto/nrf_cc312_platform/lib/cortex-m33/soft-float/no-interrupts/libnrf_cc312_platform_0.9.19.a(nrf_cc3xx_platform.c.obj)
                0x000000000000a830                nrf_cc3xx_platform_init_no_rng
 .text.nrf_cc3xx_platform_abort
                0x000000000000a868       0x24 /home/khanh/ncs/v3.1.1/nrfxlib/crypto/nrf_cc312_platform/lib/cortex-m33/soft-float/no-interrupts/libnrf_cc312_platform_0.9.19.a(nrf_cc3xx_platform_abort.c.obj)
 .text.CC_PalAbort
                0x000000000000a88c       0x44 /home/khanh/ncs/v3.1.1/nrfxlib/crypto/nrf_cc312_platform/lib/cortex-m33/soft-float/no-interrupts/libnrf_cc312_platform_0.9.19.a(nrf_cc3xx_platform_abort.c.obj)
                0x000000000000a88c                CC_PalAbort
 .text.nrf_cc3xx_platform_set_abort
                0x000000000000a8d0       0x10 /home/khanh/ncs/v3.1.1/nrfxlib/crypto/nrf_cc312_platform/lib/cortex-m33/soft-float/no-interrupts/libnrf_cc312_platform_0.9.19.a(nrf_cc3xx_platform_abort.c.obj)
                0x000000000000a8d0                nrf_cc3xx_platform_set_abort
 .text.mutex_free
                0x000000000000a8e0       0x34 /home/khanh/ncs/v3.1.1/nrfxlib/crypto/nrf_cc312_platform/lib/cortex-m33/soft-float/no-interrupts/libnrf_cc312_platform_0.9.19.a(nrf_cc3xx_platform_mutex.c.obj)
 .text.mutex_lock
                0x000000000000a914       0x48 /home/khanh/ncs/v3.1.1/nrfxlib/crypto/nrf_cc312_platform/lib/cortex-m33/soft-float/no-interrupts/libnrf_cc312_platform_0.9.19.a(nrf_cc3xx_platform_mutex.c.obj)
 .text.mutex_unlock
                0x000000000000a95c       0x38 /home/khanh/ncs/v3.1.1/nrfxlib/crypto/nrf_cc312_platform/lib/cortex-m33/soft-float/no-interrupts/libnrf_cc312_platform_0.9.19.a(nrf_cc3xx_platform_mutex.c.obj)
 .text.mutex_init
                0x000000000000a994       0x20 /home/khanh/ncs/v3.1.1/nrfxlib/crypto/nrf_cc312_platform/lib/cortex-m33/soft-float/no-interrupts/libnrf_cc312_platform_0.9.19.a(nrf_cc3xx_platform_mutex.c.obj)
 .text.nrf_cc3xx_platform_set_mutexes
                0x000000000000a9b4       0x78 /home/khanh/ncs/v3.1.1/nrfxlib/crypto/nrf_cc312_platform/lib/cortex-m33/soft-float/no-interrupts/libnrf_cc312_platform_0.9.19.a(nrf_cc3xx_platform_mutex.c.obj)
                0x000000000000a9b4                nrf_cc3xx_platform_set_mutexes
 .text.CC_LibInitNoRng
                0x000000000000aa2c       0x28 /home/khanh/ncs/v3.1.1/nrfxlib/crypto/nrf_cc312_platform/lib/cortex-m33/soft-float/no-interrupts/libnrf_cc312_platform_0.9.19.a(cc_lib.c.obj)
                0x000000000000aa2c                CC_LibInitNoRng
 .text.CC_HalInit
                0x000000000000aa54        0x4 /home/khanh/ncs/v3.1.1/nrfxlib/crypto/nrf_cc312_platform/lib/cortex-m33/soft-float/no-interrupts/libnrf_cc312_platform_0.9.19.a(cc_hal.c.obj)
                0x000000000000aa54                CC_HalInit
 .text.CC_PalInit
                0x000000000000aa58       0x5c /home/khanh/ncs/v3.1.1/nrfxlib/crypto/nrf_cc312_platform/lib/cortex-m33/soft-float/no-interrupts/libnrf_cc312_platform_0.9.19.a(cc_pal.c.obj)
                0x000000000000aa58                CC_PalInit
 .text.CC_PalTerminate
                0x000000000000aab4       0x34 /home/khanh/ncs/v3.1.1/nrfxlib/crypto/nrf_cc312_platform/lib/cortex-m33/soft-float/no-interrupts/libnrf_cc312_platform_0.9.19.a(cc_pal.c.obj)
                0x000000000000aab4                CC_PalTerminate
 .text.CC_PalDmaInit
                0x000000000000aae8        0x4 /home/khanh/ncs/v3.1.1/nrfxlib/crypto/nrf_cc312_platform/lib/cortex-m33/soft-float/no-interrupts/libnrf_cc312_platform_0.9.19.a(cc_pal_dma.c.obj)
                0x000000000000aae8                CC_PalDmaInit
 .text.CC_PalDmaTerminate
                0x000000000000aaec        0x4 /home/khanh/ncs/v3.1.1/nrfxlib/crypto/nrf_cc312_platform/lib/cortex-m33/soft-float/no-interrupts/libnrf_cc312_platform_0.9.19.a(cc_pal_dma.c.obj)
                0x000000000000aaec                CC_PalDmaTerminate
 .text.CC_PalMutexCreate
                0x000000000000aaf0       0x14 /home/khanh/ncs/v3.1.1/nrfxlib/crypto/nrf_cc312_platform/lib/cortex-m33/soft-float/no-interrupts/libnrf_cc312_platform_0.9.19.a(cc_pal_mutex.c.obj)
                0x000000000000aaf0                CC_PalMutexCreate
 .text.CC_PalMutexDestroy
                0x000000000000ab04       0x14 /home/khanh/ncs/v3.1.1/nrfxlib/crypto/nrf_cc312_platform/lib/cortex-m33/soft-float/no-interrupts/libnrf_cc312_platform_0.9.19.a(cc_pal_mutex.c.obj)
                0x000000000000ab04                CC_PalMutexDestroy
 .text.CC_PalPowerSaveModeInit
                0x000000000000ab18       0x3c /home/khanh/ncs/v3.1.1/nrfxlib/crypto/nrf_cc312_platform/lib/cortex-m33/soft-float/no-interrupts/libnrf_cc312_platform_0.9.19.a(cc_pal_pm.c.obj)
                0x000000000000ab18                CC_PalPowerSaveModeInit
 .text.snprintf
                0x000000000000ab54       0x58 /home/khanh/ncs/toolchains/b2ecd2435d/opt/zephyr-sdk/arm-zephyr-eabi/bin/../lib/gcc/../../picolibc/arm-zephyr-eabi/lib/thumb/v8-m.main/nofp/libc.a(libc_tinystdio_snprintf.c.o)
                0x000000000000ab54                snprintf
 .text.__m_vfprintf
                0x000000000000abac      0x294 /home/khanh/ncs/toolchains/b2ecd2435d/opt/zephyr-sdk/arm-zephyr-eabi/bin/../lib/gcc/../../picolibc/arm-zephyr-eabi/lib/thumb/v8-m.main/nofp/libc.a(libc_tinystdio_vfmprintf.c.o)
                0x000000000000abac                __m_vfprintf
 .text._OffsetAbsSyms
                0x000000000000ae40        0x2 zephyr/CMakeFiles/offsets.dir/./arch/arm/core/offsets/offsets.c.obj
                0x000000000000ae40                _OffsetAbsSyms
 .text.flash_device_base
                0x000000000000ae42        0xc app/libapp.a(flash_map_extended.c.obj)
                0x000000000000ae42                flash_device_base
 .text.flash_area_get_device_id
                0x000000000000ae4e        0x4 app/libapp.a(flash_map_extended.c.obj)
                0x000000000000ae4e                flash_area_get_device_id
 .text.flash_area_get_sector
                0x000000000000ae52       0x36 app/libapp.a(flash_map_extended.c.obj)
                0x000000000000ae52                flash_area_get_sector
 .text.bootutil_tlv_iter_begin
                0x000000000000ae88       0x9c app/libapp.a(tlv.c.obj)
                0x000000000000ae88                bootutil_tlv_iter_begin
 .text.bootutil_tlv_iter_next
                0x000000000000af24       0x98 app/libapp.a(tlv.c.obj)
                0x000000000000af24                bootutil_tlv_iter_next
 .text.bootutil_tlv_iter_is_prot
                0x000000000000afbc       0x1c app/libapp.a(tlv.c.obj)
                0x000000000000afbc                bootutil_tlv_iter_is_prot
 .text.boot_fih_memequal
                0x000000000000afd8        0x4 app/libapp.a(bootutil_misc.c.obj)
                0x000000000000afd8                boot_fih_memequal
 .text.boot_trailer_sz
                0x000000000000afdc        0xa app/libapp.a(bootutil_misc.c.obj)
                0x000000000000afdc                boot_trailer_sz
 .text.boot_status_off
                0x000000000000afe6       0x1e app/libapp.a(bootutil_misc.c.obj)
                0x000000000000afe6                boot_status_off
 .text.bootutil_max_image_size
                0x000000000000b004        0x6 app/libapp.a(bootutil_misc.c.obj)
                0x000000000000b004                bootutil_max_image_size
 .text.boot_read_image_size
                0x000000000000b00a       0xa8 app/libapp.a(bootutil_misc.c.obj)
                0x000000000000b00a                boot_read_image_size
 .text.close_all_flash_areas
                0x000000000000b0b2       0x3c app/libapp.a(loader.c.obj)
 .text.boot_read_image_headers.constprop.0
                0x000000000000b0ee       0x52 app/libapp.a(loader.c.obj)
 .text.boot_status_reset
                0x000000000000b140       0x12 app/libapp.a(loader.c.obj)
                0x000000000000b140                boot_status_reset
 .text.boot_status_is_reset
                0x000000000000b152       0x1a app/libapp.a(loader.c.obj)
                0x000000000000b152                boot_status_is_reset
 .text.boot_scramble_region
                0x000000000000b16c       0x10 app/libapp.a(loader.c.obj)
                0x000000000000b16c                boot_scramble_region
 .text.boot_scramble_slot
                0x000000000000b17c        0xa app/libapp.a(loader.c.obj)
                0x000000000000b17c                boot_scramble_slot
 .text.boot_slots_compatible
                0x000000000000b186       0x88 app/libapp.a(swap_scratch.c.obj)
                0x000000000000b186                boot_slots_compatible
 .text.app_max_size
                0x000000000000b20e       0x78 app/libapp.a(swap_scratch.c.obj)
                0x000000000000b20e                app_max_size
 .text.boot_read_image_header
                0x000000000000b286       0x2a app/libapp.a(swap_scratch.c.obj)
                0x000000000000b286                boot_read_image_header
 .text.crc16_itu_t
                0x000000000000b2b0       0x28 zephyr/libzephyr.a(crc16_sw.c.obj)
                0x000000000000b2b0                crc16_itu_t
 .text.chunk_field
                0x000000000000b2d8       0x16 zephyr/libzephyr.a(heap.c.obj)
 .text.chunk_set
                0x000000000000b2ee       0x16 zephyr/libzephyr.a(heap.c.obj)
 .text.chunk_size
                0x000000000000b304        0xc zephyr/libzephyr.a(heap.c.obj)
 .text.set_chunk_used
                0x000000000000b310       0x30 zephyr/libzephyr.a(heap.c.obj)
 .text.set_chunk_size
                0x000000000000b340        0x8 zephyr/libzephyr.a(heap.c.obj)
 .text.mem_to_chunkid
                0x000000000000b348       0x14 zephyr/libzephyr.a(heap.c.obj)
 .text.bucket_idx.isra.0
                0x000000000000b35c       0x1c zephyr/libzephyr.a(heap.c.obj)
 .text.free_list_remove_bidx
                0x000000000000b378       0x5c zephyr/libzephyr.a(heap.c.obj)
 .text.free_list_remove
                0x000000000000b3d4       0x2e zephyr/libzephyr.a(heap.c.obj)
 .text.alloc_chunk
                0x000000000000b402       0x74 zephyr/libzephyr.a(heap.c.obj)
 .text.split_chunks
                0x000000000000b476       0x4e zephyr/libzephyr.a(heap.c.obj)
 .text.merge_chunks
                0x000000000000b4c4       0x3c zephyr/libzephyr.a(heap.c.obj)
 .text.free_list_add
                0x000000000000b500       0x84 zephyr/libzephyr.a(heap.c.obj)
 .text.free_chunk
                0x000000000000b584       0x84 zephyr/libzephyr.a(heap.c.obj)
 .text.sys_heap_free
                0x000000000000b608       0x24 zephyr/libzephyr.a(heap.c.obj)
                0x000000000000b608                sys_heap_free
 .text.sys_heap_alloc
                0x000000000000b62c       0x6e zephyr/libzephyr.a(heap.c.obj)
                0x000000000000b62c                sys_heap_alloc
 .text.sys_heap_noalign_alloc
                0x000000000000b69a        0x6 zephyr/libzephyr.a(heap.c.obj)
                0x000000000000b69a                sys_heap_noalign_alloc
 .text.sys_heap_init
                0x000000000000b6a0       0xb0 zephyr/libzephyr.a(heap.c.obj)
                0x000000000000b6a0                sys_heap_init
 .text.sys_reboot
                0x000000000000b750       0x22 zephyr/libzephyr.a(reboot.c.obj)
                0x000000000000b750                sys_reboot
 .text.sys_slist_find_and_remove
                0x000000000000b772       0x36 zephyr/libzephyr.a(onoff.c.obj)
 .text.process_recheck
                0x000000000000b7a8       0x38 zephyr/libzephyr.a(onoff.c.obj)
 .text.validate_args
                0x000000000000b7e0       0x20 zephyr/libzephyr.a(onoff.c.obj)
 .text.notify_one
                0x000000000000b800       0x2c zephyr/libzephyr.a(onoff.c.obj)
 .text.transition_complete
                0x000000000000b82c       0x1a zephyr/libzephyr.a(onoff.c.obj)
 .text.onoff_manager_init
                0x000000000000b846       0x26 zephyr/libzephyr.a(onoff.c.obj)
                0x000000000000b846                onoff_manager_init
 .text.onoff_request
                0x000000000000b86c       0xae zephyr/libzephyr.a(onoff.c.obj)
                0x000000000000b86c                onoff_request
 .text.onoff_release
                0x000000000000b91a       0x48 zephyr/libzephyr.a(onoff.c.obj)
                0x000000000000b91a                onoff_release
 .text.onoff_cancel
                0x000000000000b962       0x36 zephyr/libzephyr.a(onoff.c.obj)
                0x000000000000b962                onoff_cancel
 .text.sys_notify_validate
                0x000000000000b998       0x22 zephyr/libzephyr.a(notify.c.obj)
                0x000000000000b998                sys_notify_validate
 .text.sys_notify_finalize
                0x000000000000b9ba       0x1a zephyr/libzephyr.a(notify.c.obj)
                0x000000000000b9ba                sys_notify_finalize
 .text.ring_buf_area_claim
                0x000000000000b9d4       0x30 zephyr/libzephyr.a(ring_buffer.c.obj)
                0x000000000000b9d4                ring_buf_area_claim
 .text.ring_buf_put_claim
                0x000000000000ba04       0x1e zephyr/libzephyr.a(ring_buffer.c.obj)
 .text.ring_buf_get_claim
                0x000000000000ba22       0x1e zephyr/libzephyr.a(ring_buffer.c.obj)
 .text.ring_buf_area_finish
                0x000000000000ba40       0x32 zephyr/libzephyr.a(ring_buffer.c.obj)
                0x000000000000ba40                ring_buf_area_finish
 .text.ring_buf_put
                0x000000000000ba72       0x40 zephyr/libzephyr.a(ring_buffer.c.obj)
                0x000000000000ba72                ring_buf_put
 .text.ring_buf_get
                0x000000000000bab2       0x44 zephyr/libzephyr.a(ring_buffer.c.obj)
                0x000000000000bab2                ring_buf_get
 .text._ConfigAbsSyms
                0x000000000000baf6        0x2 zephyr/libzephyr.a(configs.c.obj)
                0x000000000000baf6                _ConfigAbsSyms
 .text.is_in_flash_area_bounds
                0x000000000000baf8       0x1a zephyr/libzephyr.a(flash_map.c.obj)
 .text.flash_area_close
                0x000000000000bb12        0x2 zephyr/libzephyr.a(flash_map.c.obj)
                0x000000000000bb12                flash_area_close
 .text.flash_area_read
                0x000000000000bb14       0x2a zephyr/libzephyr.a(flash_map.c.obj)
                0x000000000000bb14                flash_area_read
 .text.flash_area_write
                0x000000000000bb3e       0x2a zephyr/libzephyr.a(flash_map.c.obj)
                0x000000000000bb3e                flash_area_write
 .text.flash_area_erase
                0x000000000000bb68       0x2a zephyr/libzephyr.a(flash_map.c.obj)
                0x000000000000bb68                flash_area_erase
 .text.flash_area_flatten
                0x000000000000bb92       0x20 zephyr/libzephyr.a(flash_map.c.obj)
                0x000000000000bb92                flash_area_flatten
 .text.flash_area_align
                0x000000000000bbb2        0xe zephyr/libzephyr.a(flash_map.c.obj)
                0x000000000000bbb2                flash_area_align
 .text.flash_area_erased_val
                0x000000000000bbc0        0xe zephyr/libzephyr.a(flash_map.c.obj)
                0x000000000000bbc0                flash_area_erased_val
 .text.get_sectors_cb
                0x000000000000bbce       0x44 zephyr/libzephyr.a(flash_map_layout.c.obj)
 .text.flash_area_get_sectors
                0x000000000000bc12       0x32 zephyr/libzephyr.a(flash_map_layout.c.obj)
                0x000000000000bc12                flash_area_get_sectors
 .text.get_ep_bm_from_addr
                0x000000000000bc44       0x1e zephyr/libzephyr.a(usb_device.c.obj)
 .text.usb_write
                0x000000000000bc62       0x30 zephyr/libzephyr.a(usb_device.c.obj)
                0x000000000000bc62                usb_write
 .text.usb_get_dev_data_by_cfg
                0x000000000000bc92       0x16 zephyr/libzephyr.a(usb_descriptor.c.obj)
                0x000000000000bc92                usb_get_dev_data_by_cfg
 .text.usb_get_dev_data_by_iface
                0x000000000000bca8       0x1a zephyr/libzephyr.a(usb_descriptor.c.obj)
                0x000000000000bca8                usb_get_dev_data_by_iface
 .text.usb_get_dev_data_by_ep
                0x000000000000bcc2       0x2c zephyr/libzephyr.a(usb_descriptor.c.obj)
                0x000000000000bcc2                usb_get_dev_data_by_ep
 .text.usb_transfer_is_busy
                0x000000000000bcee       0x16 zephyr/libzephyr.a(usb_transfer.c.obj)
                0x000000000000bcee                usb_transfer_is_busy
 .text.cdc_interface_config
                0x000000000000bd04       0x14 zephyr/libzephyr.a(cdc_acm.c.obj)
 .text.cdc_acm_irq_callback_work_handler
                0x000000000000bd18        0xa zephyr/libzephyr.a(cdc_acm.c.obj)
 .text.cdc_acm_irq_tx_disable
                0x000000000000bd22        0xa zephyr/libzephyr.a(cdc_acm.c.obj)
 .text.cdc_acm_irq_tx_ready
                0x000000000000bd2c       0x20 zephyr/libzephyr.a(cdc_acm.c.obj)
 .text.cdc_acm_irq_rx_disable
                0x000000000000bd4c        0xa zephyr/libzephyr.a(cdc_acm.c.obj)
 .text.cdc_acm_irq_rx_ready
                0x000000000000bd56        0xe zephyr/libzephyr.a(cdc_acm.c.obj)
 .text.cdc_acm_irq_is_pending
                0x000000000000bd64       0x1c zephyr/libzephyr.a(cdc_acm.c.obj)
 .text.cdc_acm_irq_callback_set
                0x000000000000bd80        0x8 zephyr/libzephyr.a(cdc_acm.c.obj)
 .text.cdc_acm_line_ctrl_get
                0x000000000000bd88       0x32 zephyr/libzephyr.a(cdc_acm.c.obj)
 .text.cdc_acm_line_ctrl_set
                0x000000000000bdba       0xbe zephyr/libzephyr.a(cdc_acm.c.obj)
 .text.cdc_acm_fifo_read
                0x000000000000be78       0x48 zephyr/libzephyr.a(cdc_acm.c.obj)
 .text.cdc_acm_poll_in
                0x000000000000bec0       0x12 zephyr/libzephyr.a(cdc_acm.c.obj)
 .text.cdc_acm_irq_update
                0x000000000000bed2       0x30 zephyr/libzephyr.a(cdc_acm.c.obj)
 .text.z_impl_flash_flatten
                0x000000000000bf02       0x28 zephyr/libzephyr.a(flash_util.c.obj)
                0x000000000000bf02                z_impl_flash_flatten
 .text.abort_function
                0x000000000000bf2a        0x8 zephyr/libzephyr.a(nrf_cc3xx_platform_abort_zephyr.c.obj)
 .text.console_write
                0x000000000000bf32       0x1c zephyr/libzephyr.a(serial_adapter.c.obj)
                0x000000000000bf32                console_write
 .text.erase_range
                0x000000000000bf4e       0x40 zephyr/libzephyr.a(boot_serial.c.obj)
 .text.zcbor_map_decode_bulk
                0x000000000000bf8e       0xae zephyr/libzephyr.a(zcbor_bulk.c.obj)
                0x000000000000bf8e                zcbor_map_decode_bulk
 .text.z_arm_fatal_error
                0x000000000000c03c        0xc zephyr/arch/arch/arm/core/libarch__arm__core.a(fatal.c.obj)
                0x000000000000c03c                z_arm_fatal_error
 .text.z_do_kernel_oops
                0x000000000000c048        0x8 zephyr/arch/arch/arm/core/libarch__arm__core.a(fatal.c.obj)
                0x000000000000c048                z_do_kernel_oops
 .text.z_arm_nmi
                0x000000000000c050        0xe zephyr/arch/arch/arm/core/libarch__arm__core.a(nmi.c.obj)
                0x000000000000c050                z_arm_nmi
 .text.z_irq_spurious
                0x000000000000c05e        0x8 zephyr/arch/arch/arm/core/cortex_m/libarch__arm__core__cortex_m.a(irq_manage.c.obj)
                0x000000000000c05e                z_irq_spurious
 .text.configure_builtin_stack_guard
                0x000000000000c066        0x8 zephyr/arch/arch/arm/core/cortex_m/libarch__arm__core__cortex_m.a(thread.c.obj)
                0x000000000000c066                configure_builtin_stack_guard
 .text.arch_irq_unlock_outlined
                0x000000000000c06e        0xe zephyr/arch/arch/arm/core/cortex_m/libarch__arm__core__cortex_m.a(thread.c.obj)
                0x000000000000c06e                arch_irq_unlock_outlined
 .text.arch_cpu_idle
                0x000000000000c07c       0x32 zephyr/arch/arch/arm/core/cortex_m/libarch__arm__core__cortex_m.a(cpu_idle.c.obj)
                0x000000000000c07c                arch_cpu_idle
 .text.arch_cpu_atomic_idle
                0x000000000000c0ae       0x38 zephyr/arch/arch/arm/core/cortex_m/libarch__arm__core__cortex_m.a(cpu_idle.c.obj)
                0x000000000000c0ae                arch_cpu_atomic_idle
 .text.arm_cmse_mpu_region_get
                0x000000000000c0e6       0x12 zephyr/arch/arch/arm/core/cortex_m/cmse/libarch__arm__core__cortex_m__cmse.a(arm_core_cmse.c.obj)
                0x000000000000c0e6                arm_cmse_mpu_region_get
 .text.mpu_configure_region
                0x000000000000c0f8       0x32 zephyr/arch/arch/arm/core/mpu/libarch__arm__core__mpu.a(arm_mpu.c.obj)
 .text.__assert_no_args
                0x000000000000c12a        0x6 zephyr/lib/libc/picolibc/liblib__libc__picolibc.a(assert.c.obj)
                0x000000000000c12a                __assert_no_args
 .text.abort    0x000000000000c130       0x10 zephyr/lib/libc/common/liblib__libc__common.a(abort.c.obj)
                0x000000000000c130                abort
 .text.onoff_stop
                0x000000000000c140       0x22 zephyr/soc/soc/nrf5340/libsoc__nordic.a(nrf53_cpunet_mgmt.c.obj)
 .text.ep_ctx_reset
                0x000000000000c162       0x26 zephyr/drivers/usb/device/libdrivers__usb__device.a(usb_dc_nrfx.c.obj)
 .text.k_mutex_lock.constprop.0.isra.0
                0x000000000000c188        0x4 zephyr/drivers/usb/device/libdrivers__usb__device.a(usb_dc_nrfx.c.obj)
 .text.k_mutex_unlock.isra.0
                0x000000000000c18c        0x4 zephyr/drivers/usb/device/libdrivers__usb__device.a(usb_dc_nrfx.c.obj)
 .text.attached_evt_delay_handler
                0x000000000000c190        0x6 zephyr/drivers/usb/device/libdrivers__usb__device.a(usb_dc_nrfx.c.obj)
 .text.usb_dc_ep_check_cap
                0x000000000000c196       0x2a zephyr/drivers/usb/device/libdrivers__usb__device.a(usb_dc_nrfx.c.obj)
                0x000000000000c196                usb_dc_ep_check_cap
 .text.usb_dc_ep_disable
                0x000000000000c1c0       0x32 zephyr/drivers/usb/device/libdrivers__usb__device.a(usb_dc_nrfx.c.obj)
                0x000000000000c1c0                usb_dc_ep_disable
 .text.usb_dc_ep_read
                0x000000000000c1f2       0x1e zephyr/drivers/usb/device/libdrivers__usb__device.a(usb_dc_nrfx.c.obj)
                0x000000000000c1f2                usb_dc_ep_read
 .text.ep2bit   0x000000000000c210       0x10 zephyr/drivers/usb/common/nrf_usbd_common/libdrivers__usb__common__nrf_usbd_common.a(nrf_usbd_common.c.obj)
 .text.nrf_usbd_common_ep_max_packet_size_set
                0x000000000000c220        0xa zephyr/drivers/usb/common/nrf_usbd_common/libdrivers__usb__common__nrf_usbd_common.a(nrf_usbd_common.c.obj)